15:57:48 **** Build of project top_bsp ****
make -k all 
"Running Make include in ps7_cortexa9_0/libsrc/ASR_rcv_v1_0/src"
make -C ps7_cortexa9_0/libsrc/ASR_rcv_v1_0/src -s include  "SHELL=CMD" "COMPILER=arm-xilinx-eabi-gcc" "ARCHIVER=arm-xilinx-eabi-ar" "COMPILER_FLAGS=  -O2 -c" "EXTRA_COMPILER_FLAGS=-g"
"Running Make include in ps7_cortexa9_0/libsrc/coresightps_dcc_v1_0/src"
make -C ps7_cortexa9_0/libsrc/coresightps_dcc_v1_0/src -s include  "SHELL=CMD" "COMPILER=arm-xilinx-eabi-gcc" "ARCHIVER=arm-xilinx-eabi-ar" "COMPILER_FLAGS=  -O2 -c" "EXTRA_COMPILER_FLAGS=-g"
"Running Make include in ps7_cortexa9_0/libsrc/cpu_cortexa9_v2_1/src"
make -C ps7_cortexa9_0/libsrc/cpu_cortexa9_v2_1/src -s include  "SHELL=CMD" "COMPILER=arm-xilinx-eabi-gcc" "ARCHIVER=arm-xilinx-eabi-ar" "COMPILER_FLAGS=  -O2 -c" "EXTRA_COMPILER_FLAGS=-g"
"Running Make include in ps7_cortexa9_0/libsrc/devcfg_v3_3/src"
make -C ps7_cortexa9_0/libsrc/devcfg_v3_3/src -s include  "SHELL=CMD" "COMPILER=arm-xilinx-eabi-gcc" "ARCHIVER=arm-xilinx-eabi-ar" "COMPILER_FLAGS=  -O2 -c" "EXTRA_COMPILER_FLAGS=-g"
"Running Make include in ps7_cortexa9_0/libsrc/DHT11_IP_v1_0/src"
make -C ps7_cortexa9_0/libsrc/DHT11_IP_v1_0/src -s include  "SHELL=CMD" "COMPILER=arm-xilinx-eabi-gcc" "ARCHIVER=arm-xilinx-eabi-ar" "COMPILER_FLAGS=  -O2 -c" "EXTRA_COMPILER_FLAGS=-g"
"Running Make include in ps7_cortexa9_0/libsrc/dmaps_v2_1/src"
make -C ps7_cortexa9_0/libsrc/dmaps_v2_1/src -s include  "SHELL=CMD" "COMPILER=arm-xilinx-eabi-gcc" "ARCHIVER=arm-xilinx-eabi-ar" "COMPILER_FLAGS=  -O2 -c" "EXTRA_COMPILER_FLAGS=-g"
"Running Make include in ps7_cortexa9_0/libsrc/emacps_v3_0/src"
make -C ps7_cortexa9_0/libsrc/emacps_v3_0/src -s include  "SHELL=CMD" "COMPILER=arm-xilinx-eabi-gcc" "ARCHIVER=arm-xilinx-eabi-ar" "COMPILER_FLAGS=  -O2 -c" "EXTRA_COMPILER_FLAGS=-g"
"Running Make include in ps7_cortexa9_0/libsrc/gpiops_v3_0/src"
make -C ps7_cortexa9_0/libsrc/gpiops_v3_0/src -s include  "SHELL=CMD" "COMPILER=arm-xilinx-eabi-gcc" "ARCHIVER=arm-xilinx-eabi-ar" "COMPILER_FLAGS=  -O2 -c" "EXTRA_COMPILER_FLAGS=-g"
"Running Make include in ps7_cortexa9_0/libsrc/jiaquan_v1_0/src"
make -C ps7_cortexa9_0/libsrc/jiaquan_v1_0/src -s include  "SHELL=CMD" "COMPILER=arm-xilinx-eabi-gcc" "ARCHIVER=arm-xilinx-eabi-ar" "COMPILER_FLAGS=  -O2 -c" "EXTRA_COMPILER_FLAGS=-g"
"Running Make include in ps7_cortexa9_0/libsrc/myipUART_v1_0/src"
make -C ps7_cortexa9_0/libsrc/myipUART_v1_0/src -s include  "SHELL=CMD" "COMPILER=arm-xilinx-eabi-gcc" "ARCHIVER=arm-xilinx-eabi-ar" "COMPILER_FLAGS=  -O2 -c" "EXTRA_COMPILER_FLAGS=-g"
"Running Make include in ps7_cortexa9_0/libsrc/PM_v1_0/src"
make -C ps7_cortexa9_0/libsrc/PM_v1_0/src -s include  "SHELL=CMD" "COMPILER=arm-xilinx-eabi-gcc" "ARCHIVER=arm-xilinx-eabi-ar" "COMPILER_FLAGS=  -O2 -c" "EXTRA_COMPILER_FLAGS=-g"
"Running Make include in ps7_cortexa9_0/libsrc/qspips_v3_2/src"
make -C ps7_cortexa9_0/libsrc/qspips_v3_2/src -s include  "SHELL=CMD" "COMPILER=arm-xilinx-eabi-gcc" "ARCHIVER=arm-xilinx-eabi-ar" "COMPILER_FLAGS=  -O2 -c" "EXTRA_COMPILER_FLAGS=-g"
"Running Make include in ps7_cortexa9_0/libsrc/scugic_v3_0/src"
make -C ps7_cortexa9_0/libsrc/scugic_v3_0/src -s include  "SHELL=CMD" "COMPILER=arm-xilinx-eabi-gcc" "ARCHIVER=arm-xilinx-eabi-ar" "COMPILER_FLAGS=  -O2 -c" "EXTRA_COMPILER_FLAGS=-g"
"Running Make include in ps7_cortexa9_0/libsrc/scutimer_v2_1/src"
make -C ps7_cortexa9_0/libsrc/scutimer_v2_1/src -s include  "SHELL=CMD" "COMPILER=arm-xilinx-eabi-gcc" "ARCHIVER=arm-xilinx-eabi-ar" "COMPILER_FLAGS=  -O2 -c" "EXTRA_COMPILER_FLAGS=-g"
"Running Make include in ps7_cortexa9_0/libsrc/scuwdt_v2_1/src"
make -C ps7_cortexa9_0/libsrc/scuwdt_v2_1/src -s include  "SHELL=CMD" "COMPILER=arm-xilinx-eabi-gcc" "ARCHIVER=arm-xilinx-eabi-ar" "COMPILER_FLAGS=  -O2 -c" "EXTRA_COMPILER_FLAGS=-g"
"Running Make include in ps7_cortexa9_0/libsrc/sdps_v2_4/src"
make -C ps7_cortexa9_0/libsrc/sdps_v2_4/src -s include  "SHELL=CMD" "COMPILER=arm-xilinx-eabi-gcc" "ARCHIVER=arm-xilinx-eabi-ar" "COMPILER_FLAGS=  -O2 -c" "EXTRA_COMPILER_FLAGS=-g"
"Running Make include in ps7_cortexa9_0/libsrc/SPI_MOSI_v1_0/src"
make -C ps7_cortexa9_0/libsrc/SPI_MOSI_v1_0/src -s include  "SHELL=CMD" "COMPILER=arm-xilinx-eabi-gcc" "ARCHIVER=arm-xilinx-eabi-ar" "COMPILER_FLAGS=  -O2 -c" "EXTRA_COMPILER_FLAGS=-g"
"Running Make include in ps7_cortexa9_0/libsrc/standalone_v5_1/src"
make -C ps7_cortexa9_0/libsrc/standalone_v5_1/src -s include  "SHELL=CMD" "COMPILER=arm-xilinx-eabi-gcc" "ARCHIVER=arm-xilinx-eabi-ar" "COMPILER_FLAGS=  -O2 -c" "EXTRA_COMPILER_FLAGS=-g"
"Running Make include in ps7_cortexa9_0/libsrc/ttcps_v3_0/src"
make -C ps7_cortexa9_0/libsrc/ttcps_v3_0/src -s include  "SHELL=CMD" "COMPILER=arm-xilinx-eabi-gcc" "ARCHIVER=arm-xilinx-eabi-ar" "COMPILER_FLAGS=  -O2 -c" "EXTRA_COMPILER_FLAGS=-g"
"Running Make include in ps7_cortexa9_0/libsrc/UART_LITE_TX_v1_0/src"
make -C ps7_cortexa9_0/libsrc/UART_LITE_TX_v1_0/src -s include  "SHELL=CMD" "COMPILER=arm-xilinx-eabi-gcc" "ARCHIVER=arm-xilinx-eabi-ar" "COMPILER_FLAGS=  -O2 -c" "EXTRA_COMPILER_FLAGS=-g"
"Running Make include in ps7_cortexa9_0/libsrc/uartps_v3_0/src"
make -C ps7_cortexa9_0/libsrc/uartps_v3_0/src -s include  "SHELL=CMD" "COMPILER=arm-xilinx-eabi-gcc" "ARCHIVER=arm-xilinx-eabi-ar" "COMPILER_FLAGS=  -O2 -c" "EXTRA_COMPILER_FLAGS=-g"
"Running Make include in ps7_cortexa9_0/libsrc/usbps_v2_2/src"
make -C ps7_cortexa9_0/libsrc/usbps_v2_2/src -s include  "SHELL=CMD" "COMPILER=arm-xilinx-eabi-gcc" "ARCHIVER=arm-xilinx-eabi-ar" "COMPILER_FLAGS=  -O2 -c" "EXTRA_COMPILER_FLAGS=-g"
"Running Make include in ps7_cortexa9_0/libsrc/xadcps_v2_2/src"
make -C ps7_cortexa9_0/libsrc/xadcps_v2_2/src -s include  "SHELL=CMD" "COMPILER=arm-xilinx-eabi-gcc" "ARCHIVER=arm-xilinx-eabi-ar" "COMPILER_FLAGS=  -O2 -c" "EXTRA_COMPILER_FLAGS=-g"
"Running Make libs in ps7_cortexa9_0/libsrc/ASR_rcv_v1_0/src"
make -C ps7_cortexa9_0/libsrc/ASR_rcv_v1_0/src -s libs  "SHELL=CMD" "COMPILER=arm-xilinx-eabi-gcc" "ARCHIVER=arm-xilinx-eabi-ar" "COMPILER_FLAGS=  -O2 -c" "EXTRA_COMPILER_FLAGS=-g"
"Compiling ASR_rcv..."
arm-xilinx-eabi-ar: creating ../../../lib/libxil.a
"Running Make libs in ps7_cortexa9_0/libsrc/coresightps_dcc_v1_0/src"
make -C ps7_cortexa9_0/libsrc/coresightps_dcc_v1_0/src -s libs  "SHELL=CMD" "COMPILER=arm-xilinx-eabi-gcc" "ARCHIVER=arm-xilinx-eabi-ar" "COMPILER_FLAGS=  -O2 -c" "EXTRA_COMPILER_FLAGS=-g"
"Compiling coresightps_dcc"
"Running Make libs in ps7_cortexa9_0/libsrc/cpu_cortexa9_v2_1/src"
make -C ps7_cortexa9_0/libsrc/cpu_cortexa9_v2_1/src -s libs  "SHELL=CMD" "COMPILER=arm-xilinx-eabi-gcc" "ARCHIVER=arm-xilinx-eabi-ar" "COMPILER_FLAGS=  -O2 -c" "EXTRA_COMPILER_FLAGS=-g"
"Compiling cpu_cortexa9"
"Running Make libs in ps7_cortexa9_0/libsrc/devcfg_v3_3/src"
make -C ps7_cortexa9_0/libsrc/devcfg_v3_3/src -s libs  "SHELL=CMD" "COMPILER=arm-xilinx-eabi-gcc" "ARCHIVER=arm-xilinx-eabi-ar" "COMPILER_FLAGS=  -O2 -c" "EXTRA_COMPILER_FLAGS=-g"
"Compiling devcfg"
"Running Make libs in ps7_cortexa9_0/libsrc/DHT11_IP_v1_0/src"
make -C ps7_cortexa9_0/libsrc/DHT11_IP_v1_0/src -s libs  "SHELL=CMD" "COMPILER=arm-xilinx-eabi-gcc" "ARCHIVER=arm-xilinx-eabi-ar" "COMPILER_FLAGS=  -O2 -c" "EXTRA_COMPILER_FLAGS=-g"
"Compiling DHT11_IP..."
"Running Make libs in ps7_cortexa9_0/libsrc/dmaps_v2_1/src"
make -C ps7_cortexa9_0/libsrc/dmaps_v2_1/src -s libs  "SHELL=CMD" "COMPILER=arm-xilinx-eabi-gcc" "ARCHIVER=arm-xilinx-eabi-ar" "COMPILER_FLAGS=  -O2 -c" "EXTRA_COMPILER_FLAGS=-g"
"Compiling dmaps"
"Running Make libs in ps7_cortexa9_0/libsrc/emacps_v3_0/src"
make -C ps7_cortexa9_0/libsrc/emacps_v3_0/src -s libs  "SHELL=CMD" "COMPILER=arm-xilinx-eabi-gcc" "ARCHIVER=arm-xilinx-eabi-ar" "COMPILER_FLAGS=  -O2 -c" "EXTRA_COMPILER_FLAGS=-g"
"Compiling emacps"
"Running Make libs in ps7_cortexa9_0/libsrc/gpiops_v3_0/src"
make -C ps7_cortexa9_0/libsrc/gpiops_v3_0/src -s libs  "SHELL=CMD" "COMPILER=arm-xilinx-eabi-gcc" "ARCHIVER=arm-xilinx-eabi-ar" "COMPILER_FLAGS=  -O2 -c" "EXTRA_COMPILER_FLAGS=-g"
"Compiling gpiops"
"Running Make libs in ps7_cortexa9_0/libsrc/jiaquan_v1_0/src"
make -C ps7_cortexa9_0/libsrc/jiaquan_v1_0/src -s libs  "SHELL=CMD" "COMPILER=arm-xilinx-eabi-gcc" "ARCHIVER=arm-xilinx-eabi-ar" "COMPILER_FLAGS=  -O2 -c" "EXTRA_COMPILER_FLAGS=-g"
"Compiling jiaquan..."
"Running Make libs in ps7_cortexa9_0/libsrc/myipUART_v1_0/src"
make -C ps7_cortexa9_0/libsrc/myipUART_v1_0/src -s libs  "SHELL=CMD" "COMPILER=arm-xilinx-eabi-gcc" "ARCHIVER=arm-xilinx-eabi-ar" "COMPILER_FLAGS=  -O2 -c" "EXTRA_COMPILER_FLAGS=-g"
"Compiling myipUART..."
"Running Make libs in ps7_cortexa9_0/libsrc/PM_v1_0/src"
make -C ps7_cortexa9_0/libsrc/PM_v1_0/src -s libs  "SHELL=CMD" "COMPILER=arm-xilinx-eabi-gcc" "ARCHIVER=arm-xilinx-eabi-ar" "COMPILER_FLAGS=  -O2 -c" "EXTRA_COMPILER_FLAGS=-g"
"Compiling PM..."
"Running Make libs in ps7_cortexa9_0/libsrc/qspips_v3_2/src"
make -C ps7_cortexa9_0/libsrc/qspips_v3_2/src -s libs  "SHELL=CMD" "COMPILER=arm-xilinx-eabi-gcc" "ARCHIVER=arm-xilinx-eabi-ar" "COMPILER_FLAGS=  -O2 -c" "EXTRA_COMPILER_FLAGS=-g"
"Compiling qspips"
"Running Make libs in ps7_cortexa9_0/libsrc/scugic_v3_0/src"
make -C ps7_cortexa9_0/libsrc/scugic_v3_0/src -s libs  "SHELL=CMD" "COMPILER=arm-xilinx-eabi-gcc" "ARCHIVER=arm-xilinx-eabi-ar" "COMPILER_FLAGS=  -O2 -c" "EXTRA_COMPILER_FLAGS=-g"
"Compiling scugic"
"Running Make libs in ps7_cortexa9_0/libsrc/scutimer_v2_1/src"
make -C ps7_cortexa9_0/libsrc/scutimer_v2_1/src -s libs  "SHELL=CMD" "COMPILER=arm-xilinx-eabi-gcc" "ARCHIVER=arm-xilinx-eabi-ar" "COMPILER_FLAGS=  -O2 -c" "EXTRA_COMPILER_FLAGS=-g"
"Compiling scutimer"
"Running Make libs in ps7_cortexa9_0/libsrc/scuwdt_v2_1/src"
make -C ps7_cortexa9_0/libsrc/scuwdt_v2_1/src -s libs  "SHELL=CMD" "COMPILER=arm-xilinx-eabi-gcc" "ARCHIVER=arm-xilinx-eabi-ar" "COMPILER_FLAGS=  -O2 -c" "EXTRA_COMPILER_FLAGS=-g"
"Compiling scuwdt"
"Running Make libs in ps7_cortexa9_0/libsrc/sdps_v2_4/src"
make -C ps7_cortexa9_0/libsrc/sdps_v2_4/src -s libs  "SHELL=CMD" "COMPILER=arm-xilinx-eabi-gcc" "ARCHIVER=arm-xilinx-eabi-ar" "COMPILER_FLAGS=  -O2 -c" "EXTRA_COMPILER_FLAGS=-g"
"Compiling sdps"
"Running Make libs in ps7_cortexa9_0/libsrc/SPI_MOSI_v1_0/src"
make -C ps7_cortexa9_0/libsrc/SPI_MOSI_v1_0/src -s libs  "SHELL=CMD" "COMPILER=arm-xilinx-eabi-gcc" "ARCHIVER=arm-xilinx-eabi-ar" "COMPILER_FLAGS=  -O2 -c" "EXTRA_COMPILER_FLAGS=-g"
"Compiling SPI_MOSI..."
"Running Make libs in ps7_cortexa9_0/libsrc/standalone_v5_1/src"
make -C ps7_cortexa9_0/libsrc/standalone_v5_1/src -s libs  "SHELL=CMD" "COMPILER=arm-xilinx-eabi-gcc" "ARCHIVER=arm-xilinx-eabi-ar" "COMPILER_FLAGS=  -O2 -c" "EXTRA_COMPILER_FLAGS=-g"
"Compiling standalone"
"Running Make libs in ps7_cortexa9_0/libsrc/ttcps_v3_0/src"
make -C ps7_cortexa9_0/libsrc/ttcps_v3_0/src -s libs  "SHELL=CMD" "COMPILER=arm-xilinx-eabi-gcc" "ARCHIVER=arm-xilinx-eabi-ar" "COMPILER_FLAGS=  -O2 -c" "EXTRA_COMPILER_FLAGS=-g"
"Compiling ttcps"
"Running Make libs in ps7_cortexa9_0/libsrc/UART_LITE_TX_v1_0/src"
make -C ps7_cortexa9_0/libsrc/UART_LITE_TX_v1_0/src -s libs  "SHELL=CMD" "COMPILER=arm-xilinx-eabi-gcc" "ARCHIVER=arm-xilinx-eabi-ar" "COMPILER_FLAGS=  -O2 -c" "EXTRA_COMPILER_FLAGS=-g"
"Compiling UART_LITE_TX..."
"Running Make libs in ps7_cortexa9_0/libsrc/uartps_v3_0/src"
make -C ps7_cortexa9_0/libsrc/uartps_v3_0/src -s libs  "SHELL=CMD" "COMPILER=arm-xilinx-eabi-gcc" "ARCHIVER=arm-xilinx-eabi-ar" "COMPILER_FLAGS=  -O2 -c" "EXTRA_COMPILER_FLAGS=-g"
"Compiling uartps"
"Running Make libs in ps7_cortexa9_0/libsrc/usbps_v2_2/src"
make -C ps7_cortexa9_0/libsrc/usbps_v2_2/src -s libs  "SHELL=CMD" "COMPILER=arm-xilinx-eabi-gcc" "ARCHIVER=arm-xilinx-eabi-ar" "COMPILER_FLAGS=  -O2 -c" "EXTRA_COMPILER_FLAGS=-g"
"Compiling usbps"
"Running Make libs in ps7_cortexa9_0/libsrc/xadcps_v2_2/src"
make -C ps7_cortexa9_0/libsrc/xadcps_v2_2/src -s libs  "SHELL=CMD" "COMPILER=arm-xilinx-eabi-gcc" "ARCHIVER=arm-xilinx-eabi-ar" "COMPILER_FLAGS=  -O2 -c" "EXTRA_COMPILER_FLAGS=-g"
"Compiling xadcps"
'Finished building libraries'

**** Build of configuration Debug for project top ****

Nothing to build for project top

****  of configuration Debug for project top ****

Nothing to build for project top

****  of configuration Debug for project top ****

Nothing to build for project top

****  of configuration Debug for project top ****

Nothing to build for project top

****  of configuration Debug for project top ****

Nothing to build for project top

****  of configuration Debug for project top ****

Nothing to build for project top

****  of configuration Debug for project top ****

Nothing to build for project top

****  of configuration Debug for project top ****

Nothing to build for project top

****  of configuration Debug for project top ****

Nothing to build for project top

****  of configuration Debug for project top ****

Nothing to build for project top

****  of configuration Debug for project top ****

Nothing to build for project top

****  of configuration Debug for project top ****

Nothing to build for project top

****  of configuration Debug for project top ****

Nothing to build for project top
21:08:59 **** Auto Build of configuration Debug for project top ****
make all 
'Building file: ../src/asr.c'
'Invoking: ARM gcc compiler'
arm-xilinx-eabi-gcc -Wall -O0 -g3 -c -fmessage-length=0 -MT"src/asr.o" -I../../top_bsp/ps7_cortexa9_0/include -MMD -MP -MF"src/asr.d" -MT"src/asr.d" -o "src/asr.o" "../src/asr.c"
'Finished building: ../src/asr.c'
' '
'Building target: top.elf'
'Invoking: ARM gcc linker'
arm-xilinx-eabi-gcc -Wl,-T -Wl,../src/lscript.ld -L../../top_bsp/ps7_cortexa9_0/lib -o "top.elf"  ./src/asr.o   -Wl,--start-group,-lxil,-lgcc,-lc,--end-group
../../top_bsp/ps7_cortexa9_0/lib\libxil.a(xil-crt0.o): In function `_start':
D:\CCDCH\project\Top_test\Top_test.sdk\top_bsp\ps7_cortexa9_0\libsrc\standalone_v5_1\src/xil-crt0.S:128: undefined reference to `main'
collect2.exe: error: ld returned 1 exit status
make: *** [top.elf] ´íÎó 1
21:09:14 **** Auto Build of configuration Debug for project top ****
make all 
'Building file: ../src/asr.c'
'Invoking: ARM gcc compiler'
arm-xilinx-eabi-gcc -Wall -O0 -g3 -c -fmessage-length=0 -MT"src/asr.o" -I../../top_bsp/ps7_cortexa9_0/include -MMD -MP -MF"src/asr.d" -MT"src/asr.d" -o "src/asr.o" "../src/asr.c"
'Finished building: ../src/asr.c'
' '
'Building target: top.elf'
'Invoking: ARM gcc linker'
arm-xilinx-eabi-gcc -Wl,-T -Wl,../src/lscript.ld -L../../top_bsp/ps7_cortexa9_0/lib -o "top.elf"  ./src/asr.o   -Wl,--start-group,-lxil,-lgcc,-lc,--end-group
./src/asr.o: In function `Handle_ASR':
D:\CCDCH\project\Top_test\Top_test.sdk\top\Debug/../src/asr.c:19: undefined reference to `Send_TTS'
D:\CCDCH\project\Top_test\Top_test.sdk\top\Debug/../src/asr.c:21: undefined reference to `ShowWS'
D:\CCDCH\project\Top_test\Top_test.sdk\top\Debug/../src/asr.c:23: undefined reference to `ShowPM'
D:\CCDCH\project\Top_test\Top_test.sdk\top\Debug/../src/asr.c:25: undefined reference to `ShowJQ'
../../top_bsp/ps7_cortexa9_0/lib\libxil.a(xil-crt0.o): In function `_start':
D:\CCDCH\project\Top_test\Top_test.sdk\top_bsp\ps7_cortexa9_0\libsrc\standalone_v5_1\src/xil-crt0.S:128: undefined reference to `main'
collect2.exe: error: ld returned 1 exit status
make: *** [top.elf] ´íÎó 1
21:09:55 **** Auto Build of configuration Debug for project top ****
make all 
'Building file: ../src/dht.c'
'Invoking: ARM gcc compiler'
arm-xilinx-eabi-gcc -Wall -O0 -g3 -c -fmessage-length=0 -MT"src/dht.o" -I../../top_bsp/ps7_cortexa9_0/include -MMD -MP -MF"src/dht.d" -MT"src/dht.d" -o "src/dht.o" "../src/dht.c"
'Finished building: ../src/dht.c'
' '
'Building target: top.elf'
'Invoking: ARM gcc linker'
arm-xilinx-eabi-gcc -Wl,-T -Wl,../src/lscript.ld -L../../top_bsp/ps7_cortexa9_0/lib -o "top.elf"  ./src/asr.o ./src/dht.o   -Wl,--start-group,-lxil,-lgcc,-lc,--end-group
./src/asr.o: In function `Handle_ASR':
D:\CCDCH\project\Top_test\Top_test.sdk\top\Debug/../src/asr.c:19: undefined reference to `Send_TTS'
D:\CCDCH\project\Top_test\Top_test.sdk\top\Debug/../src/asr.c:21: undefined reference to `ShowWS'
D:\CCDCH\project\Top_test\Top_test.sdk\top\Debug/../src/asr.c:23: undefined reference to `ShowPM'
D:\CCDCH\project\Top_test\Top_test.sdk\top\Debug/../src/asr.c:25: undefined reference to `ShowJQ'
../../top_bsp/ps7_cortexa9_0/lib\libxil.a(xil-crt0.o): In function `_start':
D:\CCDCH\project\Top_test\Top_test.sdk\top_bsp\ps7_cortexa9_0\libsrc\standalone_v5_1\src/xil-crt0.S:128: undefined reference to `main'
collect2.exe: error: ld returned 1 exit status
make: *** [top.elf] ´íÎó 1
21:10:00 **** Auto Build of configuration Debug for project top ****
make all 
'Building file: ../src/dht.c'
'Invoking: ARM gcc compiler'
arm-xilinx-eabi-gcc -Wall -O0 -g3 -c -fmessage-length=0 -MT"src/dht.o" -I../../top_bsp/ps7_cortexa9_0/include -MMD -MP -MF"src/dht.d" -MT"src/dht.d" -o "src/dht.o" "../src/dht.c"
'Finished building: ../src/dht.c'
' '
'Building target: top.elf'
'Invoking: ARM gcc linker'
arm-xilinx-eabi-gcc -Wl,-T -Wl,../src/lscript.ld -L../../top_bsp/ps7_cortexa9_0/lib -o "top.elf"  ./src/asr.o ./src/dht.o   -Wl,--start-group,-lxil,-lgcc,-lc,--end-group
./src/asr.o: In function `Handle_ASR':
D:\CCDCH\project\Top_test\Top_test.sdk\top\Debug/../src/asr.c:19: undefined reference to `Send_TTS'
D:\CCDCH\project\Top_test\Top_test.sdk\top\Debug/../src/asr.c:23: undefined reference to `ShowPM'
D:\CCDCH\project\Top_test\Top_test.sdk\top\Debug/../src/asr.c:25: undefined reference to `ShowJQ'
./src/dht.o: In function `ShowWS':
D:\CCDCH\project\Top_test\Top_test.sdk\top\Debug/../src/dht.c:33: undefined reference to `OLED_Clear'
D:\CCDCH\project\Top_test\Top_test.sdk\top\Debug/../src/dht.c:40: undefined reference to `OLED_ShowChinese'
D:\CCDCH\project\Top_test\Top_test.sdk\top\Debug/../src/dht.c:41: undefined reference to `OLED_ShowChinese'
D:\CCDCH\project\Top_test\Top_test.sdk\top\Debug/../src/dht.c:42: undefined reference to `OLED_ShowChar'
D:\CCDCH\project\Top_test\Top_test.sdk\top\Debug/../src/dht.c:43: undefined reference to `OLED_ShowNum'
D:\CCDCH\project\Top_test\Top_test.sdk\top\Debug/../src/dht.c:44: undefined reference to `OLED_ShowChar'
D:\CCDCH\project\Top_test\Top_test.sdk\top\Debug/../src/dht.c:45: undefined reference to `OLED_ShowNum'
D:\CCDCH\project\Top_test\Top_test.sdk\top\Debug/../src/dht.c:47: undefined reference to `OLED_ShowChinese'
D:\CCDCH\project\Top_test\Top_test.sdk\top\Debug/../src/dht.c:48: undefined reference to `OLED_ShowChinese'
D:\CCDCH\project\Top_test\Top_test.sdk\top\Debug/../src/dht.c:49: undefined reference to `OLED_ShowChar'
D:\CCDCH\project\Top_test\Top_test.sdk\top\Debug/../src/dht.c:50: undefined reference to `OLED_ShowNum'
D:\CCDCH\project\Top_test\Top_test.sdk\top\Debug/../src/dht.c:51: undefined reference to `OLED_ShowChar'
D:\CCDCH\project\Top_test\Top_test.sdk\top\Debug/../src/dht.c:52: undefined reference to `OLED_ShowNum'
D:\CCDCH\project\Top_test\Top_test.sdk\top\Debug/../src/dht.c:55: undefined reference to `Send_TTS'
D:\CCDCH\project\Top_test\Top_test.sdk\top\Debug/../src/dht.c:68: undefined reference to `Send_TTS'
D:\CCDCH\project\Top_test\Top_test.sdk\top\Debug/../src/dht.c:71: undefined reference to `Send_TTS'
D:\CCDCH\project\Top_test\Top_test.sdk\top\Debug/../src/dht.c:73: undefined reference to `Send_TTS'
D:\CCDCH\project\Top_test\Top_test.sdk\top\Debug/../src/dht.c:76: undefined reference to `Send_TTS'
./src/dht.o:D:\CCDCH\project\Top_test\Top_test.sdk\top\Debug/../src/dht.c:78: more undefined references to `Send_TTS' follow
../../top_bsp/ps7_cortexa9_0/lib\libxil.a(xil-crt0.o): In function `_start':
D:\CCDCH\project\Top_test\Top_test.sdk\top_bsp\ps7_cortexa9_0\libsrc\standalone_v5_1\src/xil-crt0.S:128: undefined reference to `main'
collect2.exe: error: ld returned 1 exit status
make: *** [top.elf] ´íÎó 1
21:10:25 **** Auto Build of configuration Debug for project top ****
make all 
'Building file: ../src/jq.c'
'Invoking: ARM gcc compiler'
arm-xilinx-eabi-gcc -Wall -O0 -g3 -c -fmessage-length=0 -MT"src/jq.o" -I../../top_bsp/ps7_cortexa9_0/include -MMD -MP -MF"src/jq.d" -MT"src/jq.d" -o "src/jq.o" "../src/jq.c"
'Finished building: ../src/jq.c'
' '
'Building target: top.elf'
'Invoking: ARM gcc linker'
arm-xilinx-eabi-gcc -Wl,-T -Wl,../src/lscript.ld -L../../top_bsp/ps7_cortexa9_0/lib -o "top.elf"  ./src/asr.o ./src/dht.o ./src/jq.o   -Wl,--start-group,-lxil,-lgcc,-lc,--end-group
./src/asr.o: In function `Handle_ASR':
D:\CCDCH\project\Top_test\Top_test.sdk\top\Debug/../src/asr.c:19: undefined reference to `Send_TTS'
D:\CCDCH\project\Top_test\Top_test.sdk\top\Debug/../src/asr.c:23: undefined reference to `ShowPM'
D:\CCDCH\project\Top_test\Top_test.sdk\top\Debug/../src/asr.c:25: undefined reference to `ShowJQ'
./src/dht.o: In function `ShowWS':
D:\CCDCH\project\Top_test\Top_test.sdk\top\Debug/../src/dht.c:33: undefined reference to `OLED_Clear'
D:\CCDCH\project\Top_test\Top_test.sdk\top\Debug/../src/dht.c:40: undefined reference to `OLED_ShowChinese'
D:\CCDCH\project\Top_test\Top_test.sdk\top\Debug/../src/dht.c:41: undefined reference to `OLED_ShowChinese'
D:\CCDCH\project\Top_test\Top_test.sdk\top\Debug/../src/dht.c:42: undefined reference to `OLED_ShowChar'
D:\CCDCH\project\Top_test\Top_test.sdk\top\Debug/../src/dht.c:43: undefined reference to `OLED_ShowNum'
D:\CCDCH\project\Top_test\Top_test.sdk\top\Debug/../src/dht.c:44: undefined reference to `OLED_ShowChar'
D:\CCDCH\project\Top_test\Top_test.sdk\top\Debug/../src/dht.c:45: undefined reference to `OLED_ShowNum'
D:\CCDCH\project\Top_test\Top_test.sdk\top\Debug/../src/dht.c:47: undefined reference to `OLED_ShowChinese'
D:\CCDCH\project\Top_test\Top_test.sdk\top\Debug/../src/dht.c:48: undefined reference to `OLED_ShowChinese'
D:\CCDCH\project\Top_test\Top_test.sdk\top\Debug/../src/dht.c:49: undefined reference to `OLED_ShowChar'
D:\CCDCH\project\Top_test\Top_test.sdk\top\Debug/../src/dht.c:50: undefined reference to `OLED_ShowNum'
D:\CCDCH\project\Top_test\Top_test.sdk\top\Debug/../src/dht.c:51: undefined reference to `OLED_ShowChar'
D:\CCDCH\project\Top_test\Top_test.sdk\top\Debug/../src/dht.c:52: undefined reference to `OLED_ShowNum'
D:\CCDCH\project\Top_test\Top_test.sdk\top\Debug/../src/dht.c:55: undefined reference to `Send_TTS'
D:\CCDCH\project\Top_test\Top_test.sdk\top\Debug/../src/dht.c:68: undefined reference to `Send_TTS'
D:\CCDCH\project\Top_test\Top_test.sdk\top\Debug/../src/dht.c:71: undefined reference to `Send_TTS'
D:\CCDCH\project\Top_test\Top_test.sdk\top\Debug/../src/dht.c:73: undefined reference to `Send_TTS'
D:\CCDCH\project\Top_test\Top_test.sdk\top\Debug/../src/dht.c:76: undefined reference to `Send_TTS'
./src/dht.o:D:\CCDCH\project\Top_test\Top_test.sdk\top\Debug/../src/dht.c:78: more undefined references to `Send_TTS' follow
../../top_bsp/ps7_cortexa9_0/lib\libxil.a(xil-crt0.o): In function `_start':
D:\CCDCH\project\Top_test\Top_test.sdk\top_bsp\ps7_cortexa9_0\libsrc\standalone_v5_1\src/xil-crt0.S:128: undefined reference to `main'
collect2.exe: error: ld returned 1 exit status
make: *** [top.elf] ´íÎó 1
21:10:30 **** Auto Build of configuration Debug for project top ****
make all 
'Building file: ../src/jq.c'
'Invoking: ARM gcc compiler'
arm-xilinx-eabi-gcc -Wall -O0 -g3 -c -fmessage-length=0 -MT"src/jq.o" -I../../top_bsp/ps7_cortexa9_0/include -MMD -MP -MF"src/jq.d" -MT"src/jq.d" -o "src/jq.o" "../src/jq.c"
../src/jq.c: In function 'ShowJQ':
../src/jq.c:13:25: error: 'XPAR_JQ_S00_AXI_BASEADDR' undeclared (first use in this function)
  int jiaquan = Xil_In32(XPAR_JQ_S00_AXI_BASEADDR);
                         ^
../src/jq.c:13:25: note: each undeclared identifier is reported only once for each function it appears in
../src/jq.c:24:2: warning: pointer targets in passing argument 3 of 'OLED_ShowString' differ in signedness [-Wpointer-sign]
  OLED_ShowString(70,2,"ug/m3",16);
  ^
In file included from ../src/jq.h:12:0,
                 from ../src/jq.c:8:
../src/oled.h:44:6: note: expected 'u8 *' but argument is of type 'char *'
 void OLED_ShowString(u8 x,u8 y,u8 *chr,u8 sizey);
      ^
make: *** [src/jq.o] ´íÎó 1
21:11:08 **** Auto Build of configuration Debug for project top ****
make all 
'Building file: ../src/jq.c'
'Invoking: ARM gcc compiler'
arm-xilinx-eabi-gcc -Wall -O0 -g3 -c -fmessage-length=0 -MT"src/jq.o" -I../../top_bsp/ps7_cortexa9_0/include -MMD -MP -MF"src/jq.d" -MT"src/jq.d" -o "src/jq.o" "../src/jq.c"
../src/jq.c: In function 'ShowJQ':
../src/jq.c:13:25: error: 'XPAR_JQ_S00_AXI_BASEADDR' undeclared (first use in this function)
  int jiaquan = Xil_In32(XPAR_JQ_S00_AXI_BASEADDR);
                         ^
../src/jq.c:13:25: note: each undeclared identifier is reported only once for each function it appears in
../src/jq.c:24:2: warning: pointer targets in passing argument 3 of 'OLED_ShowString' differ in signedness [-Wpointer-sign]
  OLED_ShowString(70,2,"ug/m3",16);
  ^
In file included from ../src/jq.h:12:0,
                 from ../src/jq.c:8:
../src/oled.h:44:6: note: expected 'u8 *' but argument is of type 'char *'
 void OLED_ShowString(u8 x,u8 y,u8 *chr,u8 sizey);
      ^
make: *** [src/jq.o] ´íÎó 1
21:11:14 **** Auto Build of configuration Debug for project top ****
make all 
'Building file: ../src/jq.c'
'Invoking: ARM gcc compiler'
arm-xilinx-eabi-gcc -Wall -O0 -g3 -c -fmessage-length=0 -MT"src/jq.o" -I../../top_bsp/ps7_cortexa9_0/include -MMD -MP -MF"src/jq.d" -MT"src/jq.d" -o "src/jq.o" "../src/jq.c"
../src/jq.c: In function 'ShowJQ':
../src/jq.c:13:25: error: 'XPAR_JQ_S00_AXI_BASEADDR' undeclared (first use in this function)
  int jiaquan = Xil_In32(XPAR_JQ_S00_AXI_BASEADDR);
                         ^
../src/jq.c:13:25: note: each undeclared identifier is reported only once for each function it appears in
../src/jq.c:24:2: warning: pointer targets in passing argument 3 of 'OLED_ShowString' differ in signedness [-Wpointer-sign]
  OLED_ShowString(70,2,"ug/m3",16);
  ^
In file included from ../src/jq.h:12:0,
                 from ../src/jq.c:8:
../src/oled.h:44:6: note: expected 'u8 *' but argument is of type 'char *'
 void OLED_ShowString(u8 x,u8 y,u8 *chr,u8 sizey);
      ^
make: *** [src/jq.o] ´íÎó 1
21:11:37 **** Auto Build of configuration Debug for project top ****
make all 
'Building file: ../src/jq.c'
'Invoking: ARM gcc compiler'
arm-xilinx-eabi-gcc -Wall -O0 -g3 -c -fmessage-length=0 -MT"src/jq.o" -I../../top_bsp/ps7_cortexa9_0/include -MMD -MP -MF"src/jq.d" -MT"src/jq.d" -o "src/jq.o" "../src/jq.c"
../src/jq.c: In function 'ShowJQ':
../src/jq.c:13:25: error: 'XPAR_JQ_S00_AXI_BASEADDR' undeclared (first use in this function)
  int jiaquan = Xil_In32(XPAR_JQ_S00_AXI_BASEADDR);
                         ^
../src/jq.c:13:25: note: each undeclared identifier is reported only once for each function it appears in
../src/jq.c:24:2: warning: pointer targets in passing argument 3 of 'OLED_ShowString' differ in signedness [-Wpointer-sign]
  OLED_ShowString(70,2,"ug/m3",16);
  ^
In file included from ../src/jq.h:12:0,
                 from ../src/jq.c:8:
../src/oled.h:44:6: note: expected 'u8 *' but argument is of type 'char *'
 void OLED_ShowString(u8 x,u8 y,u8 *chr,u8 sizey);
      ^
make: *** [src/jq.o] ´íÎó 1
21:11:41 **** Auto Build of configuration Debug for project top ****
make all 
'Building file: ../src/jq.c'
'Invoking: ARM gcc compiler'
arm-xilinx-eabi-gcc -Wall -O0 -g3 -c -fmessage-length=0 -MT"src/jq.o" -I../../top_bsp/ps7_cortexa9_0/include -MMD -MP -MF"src/jq.d" -MT"src/jq.d" -o "src/jq.o" "../src/jq.c"
../src/jq.c: In function 'ShowJQ':
../src/jq.c:13:25: error: 'XPAR_JQ_S00_AXI_BASEADDR' undeclared (first use in this function)
  int jiaquan = Xil_In32(XPAR_JQ_S00_AXI_BASEADDR);
                         ^
../src/jq.c:13:25: note: each undeclared identifier is reported only once for each function it appears in
../src/jq.c:24:2: warning: pointer targets in passing argument 3 of 'OLED_ShowString' differ in signedness [-Wpointer-sign]
  OLED_ShowString(70,2,"ug/m3",16);
  ^
In file included from ../src/jq.h:12:0,
                 from ../src/jq.c:8:
../src/oled.h:44:6: note: expected 'u8 *' but argument is of type 'char *'
 void OLED_ShowString(u8 x,u8 y,u8 *chr,u8 sizey);
      ^
make: *** [src/jq.o] ´íÎó 1
21:12:10 **** Auto Build of configuration Debug for project top ****
make all 
'Building file: ../src/jq.c'
'Invoking: ARM gcc compiler'
arm-xilinx-eabi-gcc -Wall -O0 -g3 -c -fmessage-length=0 -MT"src/jq.o" -I../../top_bsp/ps7_cortexa9_0/include -MMD -MP -MF"src/jq.d" -MT"src/jq.d" -o "src/jq.o" "../src/jq.c"
../src/jq.c: In function 'ShowJQ':
../src/jq.c:13:25: error: 'XPAR_JQ_S00_AXI_BASEADDR' undeclared (first use in this function)
  int jiaquan = Xil_In32(XPAR_JQ_S00_AXI_BASEADDR);
                         ^
../src/jq.c:13:25: note: each undeclared identifier is reported only once for each function it appears in
../src/jq.c:24:2: warning: pointer targets in passing argument 3 of 'OLED_ShowString' differ in signedness [-Wpointer-sign]
  OLED_ShowString(70,2,"ug/m3",16);
  ^
In file included from ../src/jq.h:12:0,
                 from ../src/jq.c:8:
../src/oled.h:44:6: note: expected 'u8 *' but argument is of type 'char *'
 void OLED_ShowString(u8 x,u8 y,u8 *chr,u8 sizey);
      ^
make: *** [src/jq.o] ´íÎó 1
21:12:15 **** Auto Build of configuration Debug for project top ****
make all 
'Building file: ../src/jq.c'
'Invoking: ARM gcc compiler'
arm-xilinx-eabi-gcc -Wall -O0 -g3 -c -fmessage-length=0 -MT"src/jq.o" -I../../top_bsp/ps7_cortexa9_0/include -MMD -MP -MF"src/jq.d" -MT"src/jq.d" -o "src/jq.o" "../src/jq.c"
../src/jq.c: In function 'ShowJQ':
../src/jq.c:13:25: error: 'XPAR_JQ_S00_AXI_BASEADDR' undeclared (first use in this function)
  int jiaquan = Xil_In32(XPAR_JQ_S00_AXI_BASEADDR);
                         ^
../src/jq.c:13:25: note: each undeclared identifier is reported only once for each function it appears in
../src/jq.c:24:2: warning: pointer targets in passing argument 3 of 'OLED_ShowString' differ in signedness [-Wpointer-sign]
  OLED_ShowString(70,2,"ug/m3",16);
  ^
In file included from ../src/jq.h:12:0,
                 from ../src/jq.c:8:
../src/oled.h:44:6: note: expected 'u8 *' but argument is of type 'char *'
 void OLED_ShowString(u8 x,u8 y,u8 *chr,u8 sizey);
      ^
make: *** [src/jq.o] ´íÎó 1
21:13:40 **** Auto Build of configuration Debug for project top ****
make all 
'Building file: ../src/jq.c'
'Invoking: ARM gcc compiler'
arm-xilinx-eabi-gcc -Wall -O0 -g3 -c -fmessage-length=0 -MT"src/jq.o" -I../../top_bsp/ps7_cortexa9_0/include -MMD -MP -MF"src/jq.d" -MT"src/jq.d" -o "src/jq.o" "../src/jq.c"
../src/jq.c: In function 'ShowJQ':
../src/jq.c:24:2: warning: pointer targets in passing argument 3 of 'OLED_ShowString' differ in signedness [-Wpointer-sign]
  OLED_ShowString(70,2,"ug/m3",16);
  ^
In file included from ../src/jq.h:12:0,
                 from ../src/jq.c:8:
../src/oled.h:44:6: note: expected 'u8 *' but argument is of type 'char *'
 void OLED_ShowString(u8 x,u8 y,u8 *chr,u8 sizey);
      ^
'Finished building: ../src/jq.c'
' '
'Building file: ../src/oled.c'
'Invoking: ARM gcc compiler'
arm-xilinx-eabi-gcc -Wall -O0 -g3 -c -fmessage-length=0 -MT"src/oled.o" -I../../top_bsp/ps7_cortexa9_0/include -MMD -MP -MF"src/oled.d" -MT"src/oled.d" -o "src/oled.o" "../src/oled.c"
../src/oled.c: In function 'OLED_Init':
../src/oled.c:235:2: warning: implicit declaration of function 'usleep' [-Wimplicit-function-declaration]
  usleep(50000);
  ^
'Finished building: ../src/oled.c'
' '
'Building file: ../src/pm.c'
'Invoking: ARM gcc compiler'
arm-xilinx-eabi-gcc -Wall -O0 -g3 -c -fmessage-length=0 -MT"src/pm.o" -I../../top_bsp/ps7_cortexa9_0/include -MMD -MP -MF"src/pm.d" -MT"src/pm.d" -o "src/pm.o" "../src/pm.c"
../src/pm.c: In function 'ShowPM':
../src/pm.c:13:2: warning: implicit declaration of function 'Xil_In32' [-Wimplicit-function-declaration]
  int pm25 = Xil_In32(XPAR_PM_S00_AXI_BASEADDR);
  ^
../src/pm.c:13:22: error: 'XPAR_PM_S00_AXI_BASEADDR' undeclared (first use in this function)
  int pm25 = Xil_In32(XPAR_PM_S00_AXI_BASEADDR);
                      ^
../src/pm.c:13:22: note: each undeclared identifier is reported only once for each function it appears in
../src/pm.c:17:5: warning: pointer targets in passing argument 3 of 'OLED_ShowString' differ in signedness [-Wpointer-sign]
     OLED_ShowString(5,1,"PM2.5:",16);
     ^
In file included from ../src/pm.h:11:0,
                 from ../src/pm.c:8:
../src/oled.h:44:6: note: expected 'u8 *' but argument is of type 'char *'
 void OLED_ShowString(u8 x,u8 y,u8 *chr,u8 sizey);
      ^
../src/pm.c:18:2: warning: pointer targets in passing argument 3 of 'OLED_ShowString' differ in signedness [-Wpointer-sign]
  OLED_ShowString(5,3,"PM10:",16);
  ^
In file included from ../src/pm.h:11:0,
                 from ../src/pm.c:8:
../src/oled.h:44:6: note: expected 'u8 *' but argument is of type 'char *'
 void OLED_ShowString(u8 x,u8 y,u8 *chr,u8 sizey);
      ^
../src/pm.c:19:2: warning: pointer targets in passing argument 3 of 'OLED_ShowString' differ in signedness [-Wpointer-sign]
  OLED_ShowString(5,5,"PM1.0:",16);
  ^
In file included from ../src/pm.h:11:0,
                 from ../src/pm.c:8:
../src/oled.h:44:6: note: expected 'u8 *' but argument is of type 'char *'
 void OLED_ShowString(u8 x,u8 y,u8 *chr,u8 sizey);
      ^
../src/pm.c:23:2: warning: pointer targets in passing argument 3 of 'OLED_ShowString' differ in signedness [-Wpointer-sign]
  OLED_ShowString(85,1,"ug/m3",16);
  ^
In file included from ../src/pm.h:11:0,
                 from ../src/pm.c:8:
../src/oled.h:44:6: note: expected 'u8 *' but argument is of type 'char *'
 void OLED_ShowString(u8 x,u8 y,u8 *chr,u8 sizey);
      ^
../src/pm.c:24:2: warning: pointer targets in passing argument 3 of 'OLED_ShowString' differ in signedness [-Wpointer-sign]
  OLED_ShowString(85,3,"ug/m3",16);
  ^
In file included from ../src/pm.h:11:0,
                 from ../src/pm.c:8:
../src/oled.h:44:6: note: expected 'u8 *' but argument is of type 'char *'
 void OLED_ShowString(u8 x,u8 y,u8 *chr,u8 sizey);
      ^
../src/pm.c:25:2: warning: pointer targets in passing argument 3 of 'OLED_ShowString' differ in signedness [-Wpointer-sign]
  OLED_ShowString(85,5,"ug/m3",16);
  ^
In file included from ../src/pm.h:11:0,
                 from ../src/pm.c:8:
../src/oled.h:44:6: note: expected 'u8 *' but argument is of type 'char *'
 void OLED_ShowString(u8 x,u8 y,u8 *chr,u8 sizey);
      ^
make: *** [src/pm.o] ´íÎó 1
21:14:37 **** Auto Build of configuration Debug for project top ****
make all 
'Building file: ../src/pm.c'
'Invoking: ARM gcc compiler'
arm-xilinx-eabi-gcc -Wall -O0 -g3 -c -fmessage-length=0 -MT"src/pm.o" -I../../top_bsp/ps7_cortexa9_0/include -MMD -MP -MF"src/pm.d" -MT"src/pm.d" -o "src/pm.o" "../src/pm.c"
../src/pm.c: In function 'ShowPM':
../src/pm.c:13:2: warning: implicit declaration of function 'Xil_In32' [-Wimplicit-function-declaration]
  int pm25 = Xil_In32(XPAR_PM_0_S00_AXI_BASEADDR);
  ^
../src/pm.c:17:5: warning: pointer targets in passing argument 3 of 'OLED_ShowString' differ in signedness [-Wpointer-sign]
     OLED_ShowString(5,1,"PM2.5:",16);
     ^
In file included from ../src/pm.h:11:0,
                 from ../src/pm.c:8:
../src/oled.h:44:6: note: expected 'u8 *' but argument is of type 'char *'
 void OLED_ShowString(u8 x,u8 y,u8 *chr,u8 sizey);
      ^
../src/pm.c:18:2: warning: pointer targets in passing argument 3 of 'OLED_ShowString' differ in signedness [-Wpointer-sign]
  OLED_ShowString(5,3,"PM10:",16);
  ^
In file included from ../src/pm.h:11:0,
                 from ../src/pm.c:8:
../src/oled.h:44:6: note: expected 'u8 *' but argument is of type 'char *'
 void OLED_ShowString(u8 x,u8 y,u8 *chr,u8 sizey);
      ^
../src/pm.c:19:2: warning: pointer targets in passing argument 3 of 'OLED_ShowString' differ in signedness [-Wpointer-sign]
  OLED_ShowString(5,5,"PM1.0:",16);
  ^
In file included from ../src/pm.h:11:0,
                 from ../src/pm.c:8:
../src/oled.h:44:6: note: expected 'u8 *' but argument is of type 'char *'
 void OLED_ShowString(u8 x,u8 y,u8 *chr,u8 sizey);
      ^
../src/pm.c:23:2: warning: pointer targets in passing argument 3 of 'OLED_ShowString' differ in signedness [-Wpointer-sign]
  OLED_ShowString(85,1,"ug/m3",16);
  ^
In file included from ../src/pm.h:11:0,
                 from ../src/pm.c:8:
../src/oled.h:44:6: note: expected 'u8 *' but argument is of type 'char *'
 void OLED_ShowString(u8 x,u8 y,u8 *chr,u8 sizey);
      ^
../src/pm.c:24:2: warning: pointer targets in passing argument 3 of 'OLED_ShowString' differ in signedness [-Wpointer-sign]
  OLED_ShowString(85,3,"ug/m3",16);
  ^
In file included from ../src/pm.h:11:0,
                 from ../src/pm.c:8:
../src/oled.h:44:6: note: expected 'u8 *' but argument is of type 'char *'
 void OLED_ShowString(u8 x,u8 y,u8 *chr,u8 sizey);
      ^
../src/pm.c:25:2: warning: pointer targets in passing argument 3 of 'OLED_ShowString' differ in signedness [-Wpointer-sign]
  OLED_ShowString(85,5,"ug/m3",16);
  ^
In file included from ../src/pm.h:11:0,
                 from ../src/pm.c:8:
../src/oled.h:44:6: note: expected 'u8 *' but argument is of type 'char *'
 void OLED_ShowString(u8 x,u8 y,u8 *chr,u8 sizey);
      ^
'Finished building: ../src/pm.c'
' '
'Building file: ../src/tts.c'
'Invoking: ARM gcc compiler'
arm-xilinx-eabi-gcc -Wall -O0 -g3 -c -fmessage-length=0 -MT"src/tts.o" -I../../top_bsp/ps7_cortexa9_0/include -MMD -MP -MF"src/tts.d" -MT"src/tts.d" -o "src/tts.o" "../src/tts.c"
../src/tts.c: In function 'Send_TTS':
../src/tts.c:26:2: warning: implicit declaration of function 'sleep' [-Wimplicit-function-declaration]
  sleep(1);
  ^
'Finished building: ../src/tts.c'
' '
'Building target: top.elf'
'Invoking: ARM gcc linker'
arm-xilinx-eabi-gcc -Wl,-T -Wl,../src/lscript.ld -L../../top_bsp/ps7_cortexa9_0/lib -o "top.elf"  ./src/asr.o ./src/dht.o ./src/jq.o ./src/oled.o ./src/pm.o ./src/tts.o   -Wl,--start-group,-lxil,-lgcc,-lc,--end-group
../../top_bsp/ps7_cortexa9_0/lib\libxil.a(xil-crt0.o): In function `_start':
D:\CCDCH\project\Top_test\Top_test.sdk\top_bsp\ps7_cortexa9_0\libsrc\standalone_v5_1\src/xil-crt0.S:128: undefined reference to `main'
collect2.exe: error: ld returned 1 exit status
make: *** [top.elf] ´íÎó 1
21:14:59 **** Auto Build of configuration Debug for project top ****
make all 
'Building file: ../src/top.c'
'Invoking: ARM gcc compiler'
arm-xilinx-eabi-gcc -Wall -O0 -g3 -c -fmessage-length=0 -MT"src/top.o" -I../../top_bsp/ps7_cortexa9_0/include -MMD -MP -MF"src/top.d" -MT"src/top.d" -o "src/top.o" "../src/top.c"
'Finished building: ../src/top.c'
' '
'Building target: top.elf'
'Invoking: ARM gcc linker'
arm-xilinx-eabi-gcc -Wl,-T -Wl,../src/lscript.ld -L../../top_bsp/ps7_cortexa9_0/lib -o "top.elf"  ./src/asr.o ./src/dht.o ./src/jq.o ./src/oled.o ./src/pm.o ./src/top.o ./src/tts.o   -Wl,--start-group,-lxil,-lgcc,-lc,--end-group
../../top_bsp/ps7_cortexa9_0/lib\libxil.a(xil-crt0.o): In function `_start':
D:\CCDCH\project\Top_test\Top_test.sdk\top_bsp\ps7_cortexa9_0\libsrc\standalone_v5_1\src/xil-crt0.S:128: undefined reference to `main'
collect2.exe: error: ld returned 1 exit status
make: *** [top.elf] ´íÎó 1
21:15:27 **** Auto Build of configuration Debug for project top ****
make all 
'Building file: ../src/top.c'
'Invoking: ARM gcc compiler'
arm-xilinx-eabi-gcc -Wall -O0 -g3 -c -fmessage-length=0 -MT"src/top.o" -I../../top_bsp/ps7_cortexa9_0/include -MMD -MP -MF"src/top.d" -MT"src/top.d" -o "src/top.o" "../src/top.c"
'Finished building: ../src/top.c'
' '
'Building target: top.elf'
'Invoking: ARM gcc linker'
arm-xilinx-eabi-gcc -Wl,-T -Wl,../src/lscript.ld -L../../top_bsp/ps7_cortexa9_0/lib -o "top.elf"  ./src/asr.o ./src/dht.o ./src/jq.o ./src/oled.o ./src/pm.o ./src/top.o ./src/tts.o   -Wl,--start-group,-lxil,-lgcc,-lc,--end-group
'Finished building target: top.elf'
' '
'Invoking: ARM Print Size'
arm-xilinx-eabi-size top.elf  |tee "top.elf.size"
   text	   data	    bss	    dec	    hex	filename
  27592	   3640	  22564	  53796	   d224	top.elf
'Finished building: top.elf.size'
' '
21:23:46 **** Auto Build of configuration Debug for project top ****
make all 
'Building file: ../src/top.c'
'Invoking: ARM gcc compiler'
arm-xilinx-eabi-gcc -Wall -O0 -g3 -c -fmessage-length=0 -MT"src/top.o" -I../../top_bsp/ps7_cortexa9_0/include -MMD -MP -MF"src/top.d" -MT"src/top.d" -o "src/top.o" "../src/top.c"
../src/top.c: In function 'main':
../src/top.c:29:3: warning: implicit declaration of function 'sleep' [-Wimplicit-function-declaration]
   sleep(1);
   ^
'Finished building: ../src/top.c'
' '
'Building target: top.elf'
'Invoking: ARM gcc linker'
arm-xilinx-eabi-gcc -Wl,-T -Wl,../src/lscript.ld -L../../top_bsp/ps7_cortexa9_0/lib -o "top.elf"  ./src/asr.o ./src/dht.o ./src/jq.o ./src/oled.o ./src/pm.o ./src/top.o ./src/tts.o   -Wl,--start-group,-lxil,-lgcc,-lc,--end-group
'Finished building target: top.elf'
' '
'Invoking: ARM Print Size'
arm-xilinx-eabi-size top.elf  |tee "top.elf.size"
   text	   data	    bss	    dec	    hex	filename
  27572	   3640	  22564	  53776	   d210	top.elf
'Finished building: top.elf.size'
' '
21:24:12 **** Incremental Build of configuration Debug for project top ****
make all 
make: Nothing to be done for `all'.
21:29:56 **** Auto Build of configuration Debug for project top ****
make all 
'Building file: ../src/top.c'
'Invoking: ARM gcc compiler'
arm-xilinx-eabi-gcc -Wall -O0 -g3 -c -fmessage-length=0 -MT"src/top.o" -I../../top_bsp/ps7_cortexa9_0/include -MMD -MP -MF"src/top.d" -MT"src/top.d" -o "src/top.o" "../src/top.c"
'Finished building: ../src/top.c'
' '
'Building target: top.elf'
'Invoking: ARM gcc linker'
arm-xilinx-eabi-gcc -Wl,-T -Wl,../src/lscript.ld -L../../top_bsp/ps7_cortexa9_0/lib -o "top.elf"  ./src/asr.o ./src/dht.o ./src/jq.o ./src/oled.o ./src/pm.o ./src/top.o ./src/tts.o   -Wl,--start-group,-lxil,-lgcc,-lc,--end-group
'Finished building target: top.elf'
' '
'Invoking: ARM Print Size'
arm-xilinx-eabi-size top.elf  |tee "top.elf.size"
   text	   data	    bss	    dec	    hex	filename
  27592	   3640	  22564	  53796	   d224	top.elf
'Finished building: top.elf.size'
' '
09:19:57 **** Auto Build of project top_bsp ****
make -k all 
"Running Make include in ps7_cortexa9_0/libsrc/ASR_rcv_v1_0/src"
make -C ps7_cortexa9_0/libsrc/ASR_rcv_v1_0/src -s include  "SHELL=CMD" "COMPILER=arm-xilinx-eabi-gcc" "ARCHIVER=arm-xilinx-eabi-ar" "COMPILER_FLAGS=  -O2 -c" "EXTRA_COMPILER_FLAGS=-g"
"Running Make include in ps7_cortexa9_0/libsrc/coresightps_dcc_v1_0/src"
make -C ps7_cortexa9_0/libsrc/coresightps_dcc_v1_0/src -s include  "SHELL=CMD" "COMPILER=arm-xilinx-eabi-gcc" "ARCHIVER=arm-xilinx-eabi-ar" "COMPILER_FLAGS=  -O2 -c" "EXTRA_COMPILER_FLAGS=-g"
"Running Make include in ps7_cortexa9_0/libsrc/cpu_cortexa9_v2_1/src"
make -C ps7_cortexa9_0/libsrc/cpu_cortexa9_v2_1/src -s include  "SHELL=CMD" "COMPILER=arm-xilinx-eabi-gcc" "ARCHIVER=arm-xilinx-eabi-ar" "COMPILER_FLAGS=  -O2 -c" "EXTRA_COMPILER_FLAGS=-g"
"Running Make include in ps7_cortexa9_0/libsrc/devcfg_v3_3/src"
make -C ps7_cortexa9_0/libsrc/devcfg_v3_3/src -s include  "SHELL=CMD" "COMPILER=arm-xilinx-eabi-gcc" "ARCHIVER=arm-xilinx-eabi-ar" "COMPILER_FLAGS=  -O2 -c" "EXTRA_COMPILER_FLAGS=-g"
"Running Make include in ps7_cortexa9_0/libsrc/DHT11_IP_v1_0/src"
make -C ps7_cortexa9_0/libsrc/DHT11_IP_v1_0/src -s include  "SHELL=CMD" "COMPILER=arm-xilinx-eabi-gcc" "ARCHIVER=arm-xilinx-eabi-ar" "COMPILER_FLAGS=  -O2 -c" "EXTRA_COMPILER_FLAGS=-g"
"Running Make include in ps7_cortexa9_0/libsrc/dmaps_v2_1/src"
make -C ps7_cortexa9_0/libsrc/dmaps_v2_1/src -s include  "SHELL=CMD" "COMPILER=arm-xilinx-eabi-gcc" "ARCHIVER=arm-xilinx-eabi-ar" "COMPILER_FLAGS=  -O2 -c" "EXTRA_COMPILER_FLAGS=-g"
"Running Make include in ps7_cortexa9_0/libsrc/emacps_v3_0/src"
make -C ps7_cortexa9_0/libsrc/emacps_v3_0/src -s include  "SHELL=CMD" "COMPILER=arm-xilinx-eabi-gcc" "ARCHIVER=arm-xilinx-eabi-ar" "COMPILER_FLAGS=  -O2 -c" "EXTRA_COMPILER_FLAGS=-g"
"Running Make include in ps7_cortexa9_0/libsrc/gpiops_v3_0/src"
make -C ps7_cortexa9_0/libsrc/gpiops_v3_0/src -s include  "SHELL=CMD" "COMPILER=arm-xilinx-eabi-gcc" "ARCHIVER=arm-xilinx-eabi-ar" "COMPILER_FLAGS=  -O2 -c" "EXTRA_COMPILER_FLAGS=-g"
"Running Make include in ps7_cortexa9_0/libsrc/jiaquan_v1_0/src"
make -C ps7_cortexa9_0/libsrc/jiaquan_v1_0/src -s include  "SHELL=CMD" "COMPILER=arm-xilinx-eabi-gcc" "ARCHIVER=arm-xilinx-eabi-ar" "COMPILER_FLAGS=  -O2 -c" "EXTRA_COMPILER_FLAGS=-g"
"Running Make include in ps7_cortexa9_0/libsrc/myipUART_v1_0/src"
make -C ps7_cortexa9_0/libsrc/myipUART_v1_0/src -s include  "SHELL=CMD" "COMPILER=arm-xilinx-eabi-gcc" "ARCHIVER=arm-xilinx-eabi-ar" "COMPILER_FLAGS=  -O2 -c" "EXTRA_COMPILER_FLAGS=-g"
"Running Make include in ps7_cortexa9_0/libsrc/PM_v1_0/src"
make -C ps7_cortexa9_0/libsrc/PM_v1_0/src -s include  "SHELL=CMD" "COMPILER=arm-xilinx-eabi-gcc" "ARCHIVER=arm-xilinx-eabi-ar" "COMPILER_FLAGS=  -O2 -c" "EXTRA_COMPILER_FLAGS=-g"
"Running Make include in ps7_cortexa9_0/libsrc/qspips_v3_2/src"
make -C ps7_cortexa9_0/libsrc/qspips_v3_2/src -s include  "SHELL=CMD" "COMPILER=arm-xilinx-eabi-gcc" "ARCHIVER=arm-xilinx-eabi-ar" "COMPILER_FLAGS=  -O2 -c" "EXTRA_COMPILER_FLAGS=-g"
"Running Make include in ps7_cortexa9_0/libsrc/scugic_v3_0/src"
make -C ps7_cortexa9_0/libsrc/scugic_v3_0/src -s include  "SHELL=CMD" "COMPILER=arm-xilinx-eabi-gcc" "ARCHIVER=arm-xilinx-eabi-ar" "COMPILER_FLAGS=  -O2 -c" "EXTRA_COMPILER_FLAGS=-g"
"Running Make include in ps7_cortexa9_0/libsrc/scutimer_v2_1/src"
make -C ps7_cortexa9_0/libsrc/scutimer_v2_1/src -s include  "SHELL=CMD" "COMPILER=arm-xilinx-eabi-gcc" "ARCHIVER=arm-xilinx-eabi-ar" "COMPILER_FLAGS=  -O2 -c" "EXTRA_COMPILER_FLAGS=-g"
"Running Make include in ps7_cortexa9_0/libsrc/scuwdt_v2_1/src"
make -C ps7_cortexa9_0/libsrc/scuwdt_v2_1/src -s include  "SHELL=CMD" "COMPILER=arm-xilinx-eabi-gcc" "ARCHIVER=arm-xilinx-eabi-ar" "COMPILER_FLAGS=  -O2 -c" "EXTRA_COMPILER_FLAGS=-g"
"Running Make include in ps7_cortexa9_0/libsrc/sdps_v2_4/src"
make -C ps7_cortexa9_0/libsrc/sdps_v2_4/src -s include  "SHELL=CMD" "COMPILER=arm-xilinx-eabi-gcc" "ARCHIVER=arm-xilinx-eabi-ar" "COMPILER_FLAGS=  -O2 -c" "EXTRA_COMPILER_FLAGS=-g"
"Running Make include in ps7_cortexa9_0/libsrc/SPI_MOSI_v1_0/src"
make -C ps7_cortexa9_0/libsrc/SPI_MOSI_v1_0/src -s include  "SHELL=CMD" "COMPILER=arm-xilinx-eabi-gcc" "ARCHIVER=arm-xilinx-eabi-ar" "COMPILER_FLAGS=  -O2 -c" "EXTRA_COMPILER_FLAGS=-g"
"Running Make include in ps7_cortexa9_0/libsrc/standalone_v5_1/src"
make -C ps7_cortexa9_0/libsrc/standalone_v5_1/src -s include  "SHELL=CMD" "COMPILER=arm-xilinx-eabi-gcc" "ARCHIVER=arm-xilinx-eabi-ar" "COMPILER_FLAGS=  -O2 -c" "EXTRA_COMPILER_FLAGS=-g"
"Running Make include in ps7_cortexa9_0/libsrc/ttcps_v3_0/src"
make -C ps7_cortexa9_0/libsrc/ttcps_v3_0/src -s include  "SHELL=CMD" "COMPILER=arm-xilinx-eabi-gcc" "ARCHIVER=arm-xilinx-eabi-ar" "COMPILER_FLAGS=  -O2 -c" "EXTRA_COMPILER_FLAGS=-g"
"Running Make include in ps7_cortexa9_0/libsrc/UART_LITE_TX_v1_0/src"
make -C ps7_cortexa9_0/libsrc/UART_LITE_TX_v1_0/src -s include  "SHELL=CMD" "COMPILER=arm-xilinx-eabi-gcc" "ARCHIVER=arm-xilinx-eabi-ar" "COMPILER_FLAGS=  -O2 -c" "EXTRA_COMPILER_FLAGS=-g"
"Running Make include in ps7_cortexa9_0/libsrc/uartps_v3_0/src"
make -C ps7_cortexa9_0/libsrc/uartps_v3_0/src -s include  "SHELL=CMD" "COMPILER=arm-xilinx-eabi-gcc" "ARCHIVER=arm-xilinx-eabi-ar" "COMPILER_FLAGS=  -O2 -c" "EXTRA_COMPILER_FLAGS=-g"
"Running Make include in ps7_cortexa9_0/libsrc/usbps_v2_2/src"
make -C ps7_cortexa9_0/libsrc/usbps_v2_2/src -s include  "SHELL=CMD" "COMPILER=arm-xilinx-eabi-gcc" "ARCHIVER=arm-xilinx-eabi-ar" "COMPILER_FLAGS=  -O2 -c" "EXTRA_COMPILER_FLAGS=-g"
"Running Make include in ps7_cortexa9_0/libsrc/xadcps_v2_2/src"
make -C ps7_cortexa9_0/libsrc/xadcps_v2_2/src -s include  "SHELL=CMD" "COMPILER=arm-xilinx-eabi-gcc" "ARCHIVER=arm-xilinx-eabi-ar" "COMPILER_FLAGS=  -O2 -c" "EXTRA_COMPILER_FLAGS=-g"
"Running Make libs in ps7_cortexa9_0/libsrc/ASR_rcv_v1_0/src"
make -C ps7_cortexa9_0/libsrc/ASR_rcv_v1_0/src -s libs  "SHELL=CMD" "COMPILER=arm-xilinx-eabi-gcc" "ARCHIVER=arm-xilinx-eabi-ar" "COMPILER_FLAGS=  -O2 -c" "EXTRA_COMPILER_FLAGS=-g"
"Compiling ASR_rcv..."
"Running Make libs in ps7_cortexa9_0/libsrc/coresightps_dcc_v1_0/src"
make -C ps7_cortexa9_0/libsrc/coresightps_dcc_v1_0/src -s libs  "SHELL=CMD" "COMPILER=arm-xilinx-eabi-gcc" "ARCHIVER=arm-xilinx-eabi-ar" "COMPILER_FLAGS=  -O2 -c" "EXTRA_COMPILER_FLAGS=-g"
"Compiling coresightps_dcc"
"Running Make libs in ps7_cortexa9_0/libsrc/cpu_cortexa9_v2_1/src"
make -C ps7_cortexa9_0/libsrc/cpu_cortexa9_v2_1/src -s libs  "SHELL=CMD" "COMPILER=arm-xilinx-eabi-gcc" "ARCHIVER=arm-xilinx-eabi-ar" "COMPILER_FLAGS=  -O2 -c" "EXTRA_COMPILER_FLAGS=-g"
"Compiling cpu_cortexa9"
"Running Make libs in ps7_cortexa9_0/libsrc/devcfg_v3_3/src"
make -C ps7_cortexa9_0/libsrc/devcfg_v3_3/src -s libs  "SHELL=CMD" "COMPILER=arm-xilinx-eabi-gcc" "ARCHIVER=arm-xilinx-eabi-ar" "COMPILER_FLAGS=  -O2 -c" "EXTRA_COMPILER_FLAGS=-g"
"Compiling devcfg"
"Running Make libs in ps7_cortexa9_0/libsrc/DHT11_IP_v1_0/src"
make -C ps7_cortexa9_0/libsrc/DHT11_IP_v1_0/src -s libs  "SHELL=CMD" "COMPILER=arm-xilinx-eabi-gcc" "ARCHIVER=arm-xilinx-eabi-ar" "COMPILER_FLAGS=  -O2 -c" "EXTRA_COMPILER_FLAGS=-g"
"Compiling DHT11_IP..."
"Running Make libs in ps7_cortexa9_0/libsrc/dmaps_v2_1/src"
make -C ps7_cortexa9_0/libsrc/dmaps_v2_1/src -s libs  "SHELL=CMD" "COMPILER=arm-xilinx-eabi-gcc" "ARCHIVER=arm-xilinx-eabi-ar" "COMPILER_FLAGS=  -O2 -c" "EXTRA_COMPILER_FLAGS=-g"
"Compiling dmaps"
"Running Make libs in ps7_cortexa9_0/libsrc/emacps_v3_0/src"
make -C ps7_cortexa9_0/libsrc/emacps_v3_0/src -s libs  "SHELL=CMD" "COMPILER=arm-xilinx-eabi-gcc" "ARCHIVER=arm-xilinx-eabi-ar" "COMPILER_FLAGS=  -O2 -c" "EXTRA_COMPILER_FLAGS=-g"
"Compiling emacps"
"Running Make libs in ps7_cortexa9_0/libsrc/gpiops_v3_0/src"
make -C ps7_cortexa9_0/libsrc/gpiops_v3_0/src -s libs  "SHELL=CMD" "COMPILER=arm-xilinx-eabi-gcc" "ARCHIVER=arm-xilinx-eabi-ar" "COMPILER_FLAGS=  -O2 -c" "EXTRA_COMPILER_FLAGS=-g"
"Compiling gpiops"
"Running Make libs in ps7_cortexa9_0/libsrc/jiaquan_v1_0/src"
make -C ps7_cortexa9_0/libsrc/jiaquan_v1_0/src -s libs  "SHELL=CMD" "COMPILER=arm-xilinx-eabi-gcc" "ARCHIVER=arm-xilinx-eabi-ar" "COMPILER_FLAGS=  -O2 -c" "EXTRA_COMPILER_FLAGS=-g"
"Compiling jiaquan..."
"Running Make libs in ps7_cortexa9_0/libsrc/myipUART_v1_0/src"
make -C ps7_cortexa9_0/libsrc/myipUART_v1_0/src -s libs  "SHELL=CMD" "COMPILER=arm-xilinx-eabi-gcc" "ARCHIVER=arm-xilinx-eabi-ar" "COMPILER_FLAGS=  -O2 -c" "EXTRA_COMPILER_FLAGS=-g"
"Compiling myipUART..."
"Running Make libs in ps7_cortexa9_0/libsrc/PM_v1_0/src"
make -C ps7_cortexa9_0/libsrc/PM_v1_0/src -s libs  "SHELL=CMD" "COMPILER=arm-xilinx-eabi-gcc" "ARCHIVER=arm-xilinx-eabi-ar" "COMPILER_FLAGS=  -O2 -c" "EXTRA_COMPILER_FLAGS=-g"
"Compiling PM..."
"Running Make libs in ps7_cortexa9_0/libsrc/qspips_v3_2/src"
make -C ps7_cortexa9_0/libsrc/qspips_v3_2/src -s libs  "SHELL=CMD" "COMPILER=arm-xilinx-eabi-gcc" "ARCHIVER=arm-xilinx-eabi-ar" "COMPILER_FLAGS=  -O2 -c" "EXTRA_COMPILER_FLAGS=-g"
"Compiling qspips"
"Running Make libs in ps7_cortexa9_0/libsrc/scugic_v3_0/src"
make -C ps7_cortexa9_0/libsrc/scugic_v3_0/src -s libs  "SHELL=CMD" "COMPILER=arm-xilinx-eabi-gcc" "ARCHIVER=arm-xilinx-eabi-ar" "COMPILER_FLAGS=  -O2 -c" "EXTRA_COMPILER_FLAGS=-g"
"Compiling scugic"
"Running Make libs in ps7_cortexa9_0/libsrc/scutimer_v2_1/src"
make -C ps7_cortexa9_0/libsrc/scutimer_v2_1/src -s libs  "SHELL=CMD" "COMPILER=arm-xilinx-eabi-gcc" "ARCHIVER=arm-xilinx-eabi-ar" "COMPILER_FLAGS=  -O2 -c" "EXTRA_COMPILER_FLAGS=-g"
"Compiling scutimer"
"Running Make libs in ps7_cortexa9_0/libsrc/scuwdt_v2_1/src"
make -C ps7_cortexa9_0/libsrc/scuwdt_v2_1/src -s libs  "SHELL=CMD" "COMPILER=arm-xilinx-eabi-gcc" "ARCHIVER=arm-xilinx-eabi-ar" "COMPILER_FLAGS=  -O2 -c" "EXTRA_COMPILER_FLAGS=-g"
"Compiling scuwdt"
"Running Make libs in ps7_cortexa9_0/libsrc/sdps_v2_4/src"
make -C ps7_cortexa9_0/libsrc/sdps_v2_4/src -s libs  "SHELL=CMD" "COMPILER=arm-xilinx-eabi-gcc" "ARCHIVER=arm-xilinx-eabi-ar" "COMPILER_FLAGS=  -O2 -c" "EXTRA_COMPILER_FLAGS=-g"
"Compiling sdps"
"Running Make libs in ps7_cortexa9_0/libsrc/SPI_MOSI_v1_0/src"
make -C ps7_cortexa9_0/libsrc/SPI_MOSI_v1_0/src -s libs  "SHELL=CMD" "COMPILER=arm-xilinx-eabi-gcc" "ARCHIVER=arm-xilinx-eabi-ar" "COMPILER_FLAGS=  -O2 -c" "EXTRA_COMPILER_FLAGS=-g"
"Compiling SPI_MOSI..."
"Running Make libs in ps7_cortexa9_0/libsrc/standalone_v5_1/src"
make -C ps7_cortexa9_0/libsrc/standalone_v5_1/src -s libs  "SHELL=CMD" "COMPILER=arm-xilinx-eabi-gcc" "ARCHIVER=arm-xilinx-eabi-ar" "COMPILER_FLAGS=  -O2 -c" "EXTRA_COMPILER_FLAGS=-g"
"Compiling standalone"
"Running Make libs in ps7_cortexa9_0/libsrc/ttcps_v3_0/src"
make -C ps7_cortexa9_0/libsrc/ttcps_v3_0/src -s libs  "SHELL=CMD" "COMPILER=arm-xilinx-eabi-gcc" "ARCHIVER=arm-xilinx-eabi-ar" "COMPILER_FLAGS=  -O2 -c" "EXTRA_COMPILER_FLAGS=-g"
"Compiling ttcps"
"Running Make libs in ps7_cortexa9_0/libsrc/UART_LITE_TX_v1_0/src"
make -C ps7_cortexa9_0/libsrc/UART_LITE_TX_v1_0/src -s libs  "SHELL=CMD" "COMPILER=arm-xilinx-eabi-gcc" "ARCHIVER=arm-xilinx-eabi-ar" "COMPILER_FLAGS=  -O2 -c" "EXTRA_COMPILER_FLAGS=-g"
"Compiling UART_LITE_TX..."
"Running Make libs in ps7_cortexa9_0/libsrc/uartps_v3_0/src"
make -C ps7_cortexa9_0/libsrc/uartps_v3_0/src -s libs  "SHELL=CMD" "COMPILER=arm-xilinx-eabi-gcc" "ARCHIVER=arm-xilinx-eabi-ar" "COMPILER_FLAGS=  -O2 -c" "EXTRA_COMPILER_FLAGS=-g"
"Compiling uartps"
"Running Make libs in ps7_cortexa9_0/libsrc/usbps_v2_2/src"
make -C ps7_cortexa9_0/libsrc/usbps_v2_2/src -s libs  "SHELL=CMD" "COMPILER=arm-xilinx-eabi-gcc" "ARCHIVER=arm-xilinx-eabi-ar" "COMPILER_FLAGS=  -O2 -c" "EXTRA_COMPILER_FLAGS=-g"
"Compiling usbps"
"Running Make libs in ps7_cortexa9_0/libsrc/xadcps_v2_2/src"
make -C ps7_cortexa9_0/libsrc/xadcps_v2_2/src -s libs  "SHELL=CMD" "COMPILER=arm-xilinx-eabi-gcc" "ARCHIVER=arm-xilinx-eabi-ar" "COMPILER_FLAGS=  -O2 -c" "EXTRA_COMPILER_FLAGS=-g"
"Compiling xadcps"
'Finished building libraries'
09:20:37 **** Auto Build of configuration Debug for project top ****
make all 
'Building file: ../src/asr.c'
'Invoking: ARM gcc compiler'
arm-xilinx-eabi-gcc -Wall -O0 -g3 -c -fmessage-length=0 -MT"src/asr.o" -I../../top_bsp/ps7_cortexa9_0/include -MMD -MP -MF"src/asr.d" -MT"src/asr.d" -o "src/asr.o" "../src/asr.c"
'Finished building: ../src/asr.c'
' '
'Building file: ../src/dht.c'
'Invoking: ARM gcc compiler'
arm-xilinx-eabi-gcc -Wall -O0 -g3 -c -fmessage-length=0 -MT"src/dht.o" -I../../top_bsp/ps7_cortexa9_0/include -MMD -MP -MF"src/dht.d" -MT"src/dht.d" -o "src/dht.o" "../src/dht.c"
'Finished building: ../src/dht.c'
' '
'Building file: ../src/jq.c'
'Invoking: ARM gcc compiler'
arm-xilinx-eabi-gcc -Wall -O0 -g3 -c -fmessage-length=0 -MT"src/jq.o" -I../../top_bsp/ps7_cortexa9_0/include -MMD -MP -MF"src/jq.d" -MT"src/jq.d" -o "src/jq.o" "../src/jq.c"
../src/jq.c: In function 'ShowJQ':
../src/jq.c:24:2: warning: pointer targets in passing argument 3 of 'OLED_ShowString' differ in signedness [-Wpointer-sign]
  OLED_ShowString(70,2,"ug/m3",16);
  ^
In file included from ../src/jq.h:12:0,
                 from ../src/jq.c:8:
../src/oled.h:44:6: note: expected 'u8 *' but argument is of type 'char *'
 void OLED_ShowString(u8 x,u8 y,u8 *chr,u8 sizey);
      ^
'Finished building: ../src/jq.c'
' '
'Building file: ../src/oled.c'
'Invoking: ARM gcc compiler'
arm-xilinx-eabi-gcc -Wall -O0 -g3 -c -fmessage-length=0 -MT"src/oled.o" -I../../top_bsp/ps7_cortexa9_0/include -MMD -MP -MF"src/oled.d" -MT"src/oled.d" -o "src/oled.o" "../src/oled.c"
../src/oled.c: In function 'OLED_Init':
../src/oled.c:235:2: warning: implicit declaration of function 'usleep' [-Wimplicit-function-declaration]
  usleep(50000);
  ^
'Finished building: ../src/oled.c'
' '
'Building file: ../src/pm.c'
'Invoking: ARM gcc compiler'
arm-xilinx-eabi-gcc -Wall -O0 -g3 -c -fmessage-length=0 -MT"src/pm.o" -I../../top_bsp/ps7_cortexa9_0/include -MMD -MP -MF"src/pm.d" -MT"src/pm.d" -o "src/pm.o" "../src/pm.c"
../src/pm.c: In function 'ShowPM':
../src/pm.c:13:2: warning: implicit declaration of function 'Xil_In32' [-Wimplicit-function-declaration]
  int pm25 = Xil_In32(XPAR_PM_0_S00_AXI_BASEADDR);
  ^
../src/pm.c:17:5: warning: pointer targets in passing argument 3 of 'OLED_ShowString' differ in signedness [-Wpointer-sign]
     OLED_ShowString(5,1,"PM2.5:",16);
     ^
In file included from ../src/pm.h:11:0,
                 from ../src/pm.c:8:
../src/oled.h:44:6: note: expected 'u8 *' but argument is of type 'char *'
 void OLED_ShowString(u8 x,u8 y,u8 *chr,u8 sizey);
      ^
../src/pm.c:18:2: warning: pointer targets in passing argument 3 of 'OLED_ShowString' differ in signedness [-Wpointer-sign]
  OLED_ShowString(5,3,"PM10:",16);
  ^
In file included from ../src/pm.h:11:0,
                 from ../src/pm.c:8:
../src/oled.h:44:6: note: expected 'u8 *' but argument is of type 'char *'
 void OLED_ShowString(u8 x,u8 y,u8 *chr,u8 sizey);
      ^
../src/pm.c:19:2: warning: pointer targets in passing argument 3 of 'OLED_ShowString' differ in signedness [-Wpointer-sign]
  OLED_ShowString(5,5,"PM1.0:",16);
  ^
In file included from ../src/pm.h:11:0,
                 from ../src/pm.c:8:
../src/oled.h:44:6: note: expected 'u8 *' but argument is of type 'char *'
 void OLED_ShowString(u8 x,u8 y,u8 *chr,u8 sizey);
      ^
../src/pm.c:23:2: warning: pointer targets in passing argument 3 of 'OLED_ShowString' differ in signedness [-Wpointer-sign]
  OLED_ShowString(85,1,"ug/m3",16);
  ^
In file included from ../src/pm.h:11:0,
                 from ../src/pm.c:8:
../src/oled.h:44:6: note: expected 'u8 *' but argument is of type 'char *'
 void OLED_ShowString(u8 x,u8 y,u8 *chr,u8 sizey);
      ^
../src/pm.c:24:2: warning: pointer targets in passing argument 3 of 'OLED_ShowString' differ in signedness [-Wpointer-sign]
  OLED_ShowString(85,3,"ug/m3",16);
  ^
In file included from ../src/pm.h:11:0,
                 from ../src/pm.c:8:
../src/oled.h:44:6: note: expected 'u8 *' but argument is of type 'char *'
 void OLED_ShowString(u8 x,u8 y,u8 *chr,u8 sizey);
      ^
../src/pm.c:25:2: warning: pointer targets in passing argument 3 of 'OLED_ShowString' differ in signedness [-Wpointer-sign]
  OLED_ShowString(85,5,"ug/m3",16);
  ^
In file included from ../src/pm.h:11:0,
                 from ../src/pm.c:8:
../src/oled.h:44:6: note: expected 'u8 *' but argument is of type 'char *'
 void OLED_ShowString(u8 x,u8 y,u8 *chr,u8 sizey);
      ^
'Finished building: ../src/pm.c'
' '
'Building file: ../src/top.c'
'Invoking: ARM gcc compiler'
arm-xilinx-eabi-gcc -Wall -O0 -g3 -c -fmessage-length=0 -MT"src/top.o" -I../../top_bsp/ps7_cortexa9_0/include -MMD -MP -MF"src/top.d" -MT"src/top.d" -o "src/top.o" "../src/top.c"
'Finished building: ../src/top.c'
' '
'Building file: ../src/tts.c'
'Invoking: ARM gcc compiler'
arm-xilinx-eabi-gcc -Wall -O0 -g3 -c -fmessage-length=0 -MT"src/tts.o" -I../../top_bsp/ps7_cortexa9_0/include -MMD -MP -MF"src/tts.d" -MT"src/tts.d" -o "src/tts.o" "../src/tts.c"
../src/tts.c: In function 'Send_TTS':
../src/tts.c:26:2: warning: implicit declaration of function 'sleep' [-Wimplicit-function-declaration]
  sleep(1);
  ^
'Finished building: ../src/tts.c'
' '
'Building target: top.elf'
'Invoking: ARM gcc linker'
arm-xilinx-eabi-gcc -Wl,-T -Wl,../src/lscript.ld -L../../top_bsp/ps7_cortexa9_0/lib -o "top.elf"  ./src/asr.o ./src/dht.o ./src/jq.o ./src/oled.o ./src/pm.o ./src/top.o ./src/tts.o   -Wl,--start-group,-lxil,-lgcc,-lc,--end-group
'Finished building target: top.elf'
' '
'Invoking: ARM Print Size'
arm-xilinx-eabi-size top.elf  |tee "top.elf.size"
   text	   data	    bss	    dec	    hex	filename
  27592	   3640	  22564	  53796	   d224	top.elf
'Finished building: top.elf.size'
' '
09:44:18 **** Auto Build of configuration Debug for project top ****
make all 
make: Nothing to be done for `all'.
09:45:31 **** Build of project top_bsp ****
make -k all 
"Running Make include in ps7_cortexa9_0/libsrc/ASR_rcv_v1_0/src"
make -C ps7_cortexa9_0/libsrc/ASR_rcv_v1_0/src -s include  "SHELL=CMD" "COMPILER=arm-xilinx-eabi-gcc" "ARCHIVER=arm-xilinx-eabi-ar" "COMPILER_FLAGS=  -O2 -c" "EXTRA_COMPILER_FLAGS=-g"
"Running Make include in ps7_cortexa9_0/libsrc/coresightps_dcc_v1_0/src"
make -C ps7_cortexa9_0/libsrc/coresightps_dcc_v1_0/src -s include  "SHELL=CMD" "COMPILER=arm-xilinx-eabi-gcc" "ARCHIVER=arm-xilinx-eabi-ar" "COMPILER_FLAGS=  -O2 -c" "EXTRA_COMPILER_FLAGS=-g"
"Running Make include in ps7_cortexa9_0/libsrc/cpu_cortexa9_v2_1/src"
make -C ps7_cortexa9_0/libsrc/cpu_cortexa9_v2_1/src -s include  "SHELL=CMD" "COMPILER=arm-xilinx-eabi-gcc" "ARCHIVER=arm-xilinx-eabi-ar" "COMPILER_FLAGS=  -O2 -c" "EXTRA_COMPILER_FLAGS=-g"
"Running Make include in ps7_cortexa9_0/libsrc/devcfg_v3_3/src"
make -C ps7_cortexa9_0/libsrc/devcfg_v3_3/src -s include  "SHELL=CMD" "COMPILER=arm-xilinx-eabi-gcc" "ARCHIVER=arm-xilinx-eabi-ar" "COMPILER_FLAGS=  -O2 -c" "EXTRA_COMPILER_FLAGS=-g"
"Running Make include in ps7_cortexa9_0/libsrc/DHT11_IP_v1_0/src"
make -C ps7_cortexa9_0/libsrc/DHT11_IP_v1_0/src -s include  "SHELL=CMD" "COMPILER=arm-xilinx-eabi-gcc" "ARCHIVER=arm-xilinx-eabi-ar" "COMPILER_FLAGS=  -O2 -c" "EXTRA_COMPILER_FLAGS=-g"
"Running Make include in ps7_cortexa9_0/libsrc/dmaps_v2_1/src"
make -C ps7_cortexa9_0/libsrc/dmaps_v2_1/src -s include  "SHELL=CMD" "COMPILER=arm-xilinx-eabi-gcc" "ARCHIVER=arm-xilinx-eabi-ar" "COMPILER_FLAGS=  -O2 -c" "EXTRA_COMPILER_FLAGS=-g"
"Running Make include in ps7_cortexa9_0/libsrc/emacps_v3_0/src"
make -C ps7_cortexa9_0/libsrc/emacps_v3_0/src -s include  "SHELL=CMD" "COMPILER=arm-xilinx-eabi-gcc" "ARCHIVER=arm-xilinx-eabi-ar" "COMPILER_FLAGS=  -O2 -c" "EXTRA_COMPILER_FLAGS=-g"
"Running Make include in ps7_cortexa9_0/libsrc/gpio_v4_0/src"
make -C ps7_cortexa9_0/libsrc/gpio_v4_0/src -s include  "SHELL=CMD" "COMPILER=arm-xilinx-eabi-gcc" "ARCHIVER=arm-xilinx-eabi-ar" "COMPILER_FLAGS=  -O2 -c" "EXTRA_COMPILER_FLAGS=-g"
"Running Make include in ps7_cortexa9_0/libsrc/gpiops_v3_0/src"
make -C ps7_cortexa9_0/libsrc/gpiops_v3_0/src -s include  "SHELL=CMD" "COMPILER=arm-xilinx-eabi-gcc" "ARCHIVER=arm-xilinx-eabi-ar" "COMPILER_FLAGS=  -O2 -c" "EXTRA_COMPILER_FLAGS=-g"
"Running Make include in ps7_cortexa9_0/libsrc/jiaquan_v1_0/src"
make -C ps7_cortexa9_0/libsrc/jiaquan_v1_0/src -s include  "SHELL=CMD" "COMPILER=arm-xilinx-eabi-gcc" "ARCHIVER=arm-xilinx-eabi-ar" "COMPILER_FLAGS=  -O2 -c" "EXTRA_COMPILER_FLAGS=-g"
"Running Make include in ps7_cortexa9_0/libsrc/myipUART_v1_0/src"
make -C ps7_cortexa9_0/libsrc/myipUART_v1_0/src -s include  "SHELL=CMD" "COMPILER=arm-xilinx-eabi-gcc" "ARCHIVER=arm-xilinx-eabi-ar" "COMPILER_FLAGS=  -O2 -c" "EXTRA_COMPILER_FLAGS=-g"
"Running Make include in ps7_cortexa9_0/libsrc/PM_v1_0/src"
make -C ps7_cortexa9_0/libsrc/PM_v1_0/src -s include  "SHELL=CMD" "COMPILER=arm-xilinx-eabi-gcc" "ARCHIVER=arm-xilinx-eabi-ar" "COMPILER_FLAGS=  -O2 -c" "EXTRA_COMPILER_FLAGS=-g"
"Running Make include in ps7_cortexa9_0/libsrc/qspips_v3_2/src"
make -C ps7_cortexa9_0/libsrc/qspips_v3_2/src -s include  "SHELL=CMD" "COMPILER=arm-xilinx-eabi-gcc" "ARCHIVER=arm-xilinx-eabi-ar" "COMPILER_FLAGS=  -O2 -c" "EXTRA_COMPILER_FLAGS=-g"
"Running Make include in ps7_cortexa9_0/libsrc/scugic_v3_0/src"
make -C ps7_cortexa9_0/libsrc/scugic_v3_0/src -s include  "SHELL=CMD" "COMPILER=arm-xilinx-eabi-gcc" "ARCHIVER=arm-xilinx-eabi-ar" "COMPILER_FLAGS=  -O2 -c" "EXTRA_COMPILER_FLAGS=-g"
"Running Make include in ps7_cortexa9_0/libsrc/scutimer_v2_1/src"
make -C ps7_cortexa9_0/libsrc/scutimer_v2_1/src -s include  "SHELL=CMD" "COMPILER=arm-xilinx-eabi-gcc" "ARCHIVER=arm-xilinx-eabi-ar" "COMPILER_FLAGS=  -O2 -c" "EXTRA_COMPILER_FLAGS=-g"
"Running Make include in ps7_cortexa9_0/libsrc/scuwdt_v2_1/src"
make -C ps7_cortexa9_0/libsrc/scuwdt_v2_1/src -s include  "SHELL=CMD" "COMPILER=arm-xilinx-eabi-gcc" "ARCHIVER=arm-xilinx-eabi-ar" "COMPILER_FLAGS=  -O2 -c" "EXTRA_COMPILER_FLAGS=-g"
"Running Make include in ps7_cortexa9_0/libsrc/sdps_v2_4/src"
make -C ps7_cortexa9_0/libsrc/sdps_v2_4/src -s include  "SHELL=CMD" "COMPILER=arm-xilinx-eabi-gcc" "ARCHIVER=arm-xilinx-eabi-ar" "COMPILER_FLAGS=  -O2 -c" "EXTRA_COMPILER_FLAGS=-g"
"Running Make include in ps7_cortexa9_0/libsrc/SPI_MOSI_v1_0/src"
make -C ps7_cortexa9_0/libsrc/SPI_MOSI_v1_0/src -s include  "SHELL=CMD" "COMPILER=arm-xilinx-eabi-gcc" "ARCHIVER=arm-xilinx-eabi-ar" "COMPILER_FLAGS=  -O2 -c" "EXTRA_COMPILER_FLAGS=-g"
"Running Make include in ps7_cortexa9_0/libsrc/standalone_v5_1/src"
make -C ps7_cortexa9_0/libsrc/standalone_v5_1/src -s include  "SHELL=CMD" "COMPILER=arm-xilinx-eabi-gcc" "ARCHIVER=arm-xilinx-eabi-ar" "COMPILER_FLAGS=  -O2 -c" "EXTRA_COMPILER_FLAGS=-g"
"Running Make include in ps7_cortexa9_0/libsrc/ttcps_v3_0/src"
make -C ps7_cortexa9_0/libsrc/ttcps_v3_0/src -s include  "SHELL=CMD" "COMPILER=arm-xilinx-eabi-gcc" "ARCHIVER=arm-xilinx-eabi-ar" "COMPILER_FLAGS=  -O2 -c" "EXTRA_COMPILER_FLAGS=-g"
"Running Make include in ps7_cortexa9_0/libsrc/UART_LITE_TX_v1_0/src"
make -C ps7_cortexa9_0/libsrc/UART_LITE_TX_v1_0/src -s include  "SHELL=CMD" "COMPILER=arm-xilinx-eabi-gcc" "ARCHIVER=arm-xilinx-eabi-ar" "COMPILER_FLAGS=  -O2 -c" "EXTRA_COMPILER_FLAGS=-g"
"Running Make include in ps7_cortexa9_0/libsrc/uartps_v3_0/src"
make -C ps7_cortexa9_0/libsrc/uartps_v3_0/src -s include  "SHELL=CMD" "COMPILER=arm-xilinx-eabi-gcc" "ARCHIVER=arm-xilinx-eabi-ar" "COMPILER_FLAGS=  -O2 -c" "EXTRA_COMPILER_FLAGS=-g"
"Running Make include in ps7_cortexa9_0/libsrc/usbps_v2_2/src"
make -C ps7_cortexa9_0/libsrc/usbps_v2_2/src -s include  "SHELL=CMD" "COMPILER=arm-xilinx-eabi-gcc" "ARCHIVER=arm-xilinx-eabi-ar" "COMPILER_FLAGS=  -O2 -c" "EXTRA_COMPILER_FLAGS=-g"
"Running Make include in ps7_cortexa9_0/libsrc/xadcps_v2_2/src"
make -C ps7_cortexa9_0/libsrc/xadcps_v2_2/src -s include  "SHELL=CMD" "COMPILER=arm-xilinx-eabi-gcc" "ARCHIVER=arm-xilinx-eabi-ar" "COMPILER_FLAGS=  -O2 -c" "EXTRA_COMPILER_FLAGS=-g"
"Running Make libs in ps7_cortexa9_0/libsrc/ASR_rcv_v1_0/src"
make -C ps7_cortexa9_0/libsrc/ASR_rcv_v1_0/src -s libs  "SHELL=CMD" "COMPILER=arm-xilinx-eabi-gcc" "ARCHIVER=arm-xilinx-eabi-ar" "COMPILER_FLAGS=  -O2 -c" "EXTRA_COMPILER_FLAGS=-g"
"Compiling ASR_rcv..."
arm-xilinx-eabi-ar: creating ../../../lib/libxil.a
"Running Make libs in ps7_cortexa9_0/libsrc/coresightps_dcc_v1_0/src"
make -C ps7_cortexa9_0/libsrc/coresightps_dcc_v1_0/src -s libs  "SHELL=CMD" "COMPILER=arm-xilinx-eabi-gcc" "ARCHIVER=arm-xilinx-eabi-ar" "COMPILER_FLAGS=  -O2 -c" "EXTRA_COMPILER_FLAGS=-g"
"Compiling coresightps_dcc"
"Running Make libs in ps7_cortexa9_0/libsrc/cpu_cortexa9_v2_1/src"
make -C ps7_cortexa9_0/libsrc/cpu_cortexa9_v2_1/src -s libs  "SHELL=CMD" "COMPILER=arm-xilinx-eabi-gcc" "ARCHIVER=arm-xilinx-eabi-ar" "COMPILER_FLAGS=  -O2 -c" "EXTRA_COMPILER_FLAGS=-g"
"Compiling cpu_cortexa9"
"Running Make libs in ps7_cortexa9_0/libsrc/devcfg_v3_3/src"
make -C ps7_cortexa9_0/libsrc/devcfg_v3_3/src -s libs  "SHELL=CMD" "COMPILER=arm-xilinx-eabi-gcc" "ARCHIVER=arm-xilinx-eabi-ar" "COMPILER_FLAGS=  -O2 -c" "EXTRA_COMPILER_FLAGS=-g"
"Compiling devcfg"
"Running Make libs in ps7_cortexa9_0/libsrc/DHT11_IP_v1_0/src"
make -C ps7_cortexa9_0/libsrc/DHT11_IP_v1_0/src -s libs  "SHELL=CMD" "COMPILER=arm-xilinx-eabi-gcc" "ARCHIVER=arm-xilinx-eabi-ar" "COMPILER_FLAGS=  -O2 -c" "EXTRA_COMPILER_FLAGS=-g"
"Compiling DHT11_IP..."
"Running Make libs in ps7_cortexa9_0/libsrc/dmaps_v2_1/src"
make -C ps7_cortexa9_0/libsrc/dmaps_v2_1/src -s libs  "SHELL=CMD" "COMPILER=arm-xilinx-eabi-gcc" "ARCHIVER=arm-xilinx-eabi-ar" "COMPILER_FLAGS=  -O2 -c" "EXTRA_COMPILER_FLAGS=-g"
"Compiling dmaps"
"Running Make libs in ps7_cortexa9_0/libsrc/emacps_v3_0/src"
make -C ps7_cortexa9_0/libsrc/emacps_v3_0/src -s libs  "SHELL=CMD" "COMPILER=arm-xilinx-eabi-gcc" "ARCHIVER=arm-xilinx-eabi-ar" "COMPILER_FLAGS=  -O2 -c" "EXTRA_COMPILER_FLAGS=-g"
"Compiling emacps"
"Running Make libs in ps7_cortexa9_0/libsrc/gpio_v4_0/src"
make -C ps7_cortexa9_0/libsrc/gpio_v4_0/src -s libs  "SHELL=CMD" "COMPILER=arm-xilinx-eabi-gcc" "ARCHIVER=arm-xilinx-eabi-ar" "COMPILER_FLAGS=  -O2 -c" "EXTRA_COMPILER_FLAGS=-g"
"Compiling gpio"
"Running Make libs in ps7_cortexa9_0/libsrc/gpiops_v3_0/src"
make -C ps7_cortexa9_0/libsrc/gpiops_v3_0/src -s libs  "SHELL=CMD" "COMPILER=arm-xilinx-eabi-gcc" "ARCHIVER=arm-xilinx-eabi-ar" "COMPILER_FLAGS=  -O2 -c" "EXTRA_COMPILER_FLAGS=-g"
"Compiling gpiops"
"Running Make libs in ps7_cortexa9_0/libsrc/jiaquan_v1_0/src"
make -C ps7_cortexa9_0/libsrc/jiaquan_v1_0/src -s libs  "SHELL=CMD" "COMPILER=arm-xilinx-eabi-gcc" "ARCHIVER=arm-xilinx-eabi-ar" "COMPILER_FLAGS=  -O2 -c" "EXTRA_COMPILER_FLAGS=-g"
"Compiling jiaquan..."
"Running Make libs in ps7_cortexa9_0/libsrc/myipUART_v1_0/src"
make -C ps7_cortexa9_0/libsrc/myipUART_v1_0/src -s libs  "SHELL=CMD" "COMPILER=arm-xilinx-eabi-gcc" "ARCHIVER=arm-xilinx-eabi-ar" "COMPILER_FLAGS=  -O2 -c" "EXTRA_COMPILER_FLAGS=-g"
"Compiling myipUART..."
"Running Make libs in ps7_cortexa9_0/libsrc/PM_v1_0/src"
make -C ps7_cortexa9_0/libsrc/PM_v1_0/src -s libs  "SHELL=CMD" "COMPILER=arm-xilinx-eabi-gcc" "ARCHIVER=arm-xilinx-eabi-ar" "COMPILER_FLAGS=  -O2 -c" "EXTRA_COMPILER_FLAGS=-g"
"Compiling PM..."
"Running Make libs in ps7_cortexa9_0/libsrc/qspips_v3_2/src"
make -C ps7_cortexa9_0/libsrc/qspips_v3_2/src -s libs  "SHELL=CMD" "COMPILER=arm-xilinx-eabi-gcc" "ARCHIVER=arm-xilinx-eabi-ar" "COMPILER_FLAGS=  -O2 -c" "EXTRA_COMPILER_FLAGS=-g"
"Compiling qspips"
"Running Make libs in ps7_cortexa9_0/libsrc/scugic_v3_0/src"
make -C ps7_cortexa9_0/libsrc/scugic_v3_0/src -s libs  "SHELL=CMD" "COMPILER=arm-xilinx-eabi-gcc" "ARCHIVER=arm-xilinx-eabi-ar" "COMPILER_FLAGS=  -O2 -c" "EXTRA_COMPILER_FLAGS=-g"
"Compiling scugic"
"Running Make libs in ps7_cortexa9_0/libsrc/scutimer_v2_1/src"
make -C ps7_cortexa9_0/libsrc/scutimer_v2_1/src -s libs  "SHELL=CMD" "COMPILER=arm-xilinx-eabi-gcc" "ARCHIVER=arm-xilinx-eabi-ar" "COMPILER_FLAGS=  -O2 -c" "EXTRA_COMPILER_FLAGS=-g"
"Compiling scutimer"
"Running Make libs in ps7_cortexa9_0/libsrc/scuwdt_v2_1/src"
make -C ps7_cortexa9_0/libsrc/scuwdt_v2_1/src -s libs  "SHELL=CMD" "COMPILER=arm-xilinx-eabi-gcc" "ARCHIVER=arm-xilinx-eabi-ar" "COMPILER_FLAGS=  -O2 -c" "EXTRA_COMPILER_FLAGS=-g"
"Compiling scuwdt"
"Running Make libs in ps7_cortexa9_0/libsrc/sdps_v2_4/src"
make -C ps7_cortexa9_0/libsrc/sdps_v2_4/src -s libs  "SHELL=CMD" "COMPILER=arm-xilinx-eabi-gcc" "ARCHIVER=arm-xilinx-eabi-ar" "COMPILER_FLAGS=  -O2 -c" "EXTRA_COMPILER_FLAGS=-g"
"Compiling sdps"
"Running Make libs in ps7_cortexa9_0/libsrc/SPI_MOSI_v1_0/src"
make -C ps7_cortexa9_0/libsrc/SPI_MOSI_v1_0/src -s libs  "SHELL=CMD" "COMPILER=arm-xilinx-eabi-gcc" "ARCHIVER=arm-xilinx-eabi-ar" "COMPILER_FLAGS=  -O2 -c" "EXTRA_COMPILER_FLAGS=-g"
"Compiling SPI_MOSI..."
"Running Make libs in ps7_cortexa9_0/libsrc/standalone_v5_1/src"
make -C ps7_cortexa9_0/libsrc/standalone_v5_1/src -s libs  "SHELL=CMD" "COMPILER=arm-xilinx-eabi-gcc" "ARCHIVER=arm-xilinx-eabi-ar" "COMPILER_FLAGS=  -O2 -c" "EXTRA_COMPILER_FLAGS=-g"
"Compiling standalone"
"Running Make libs in ps7_cortexa9_0/libsrc/ttcps_v3_0/src"
make -C ps7_cortexa9_0/libsrc/ttcps_v3_0/src -s libs  "SHELL=CMD" "COMPILER=arm-xilinx-eabi-gcc" "ARCHIVER=arm-xilinx-eabi-ar" "COMPILER_FLAGS=  -O2 -c" "EXTRA_COMPILER_FLAGS=-g"
"Compiling ttcps"
"Running Make libs in ps7_cortexa9_0/libsrc/UART_LITE_TX_v1_0/src"
make -C ps7_cortexa9_0/libsrc/UART_LITE_TX_v1_0/src -s libs  "SHELL=CMD" "COMPILER=arm-xilinx-eabi-gcc" "ARCHIVER=arm-xilinx-eabi-ar" "COMPILER_FLAGS=  -O2 -c" "EXTRA_COMPILER_FLAGS=-g"
"Compiling UART_LITE_TX..."
"Running Make libs in ps7_cortexa9_0/libsrc/uartps_v3_0/src"
make -C ps7_cortexa9_0/libsrc/uartps_v3_0/src -s libs  "SHELL=CMD" "COMPILER=arm-xilinx-eabi-gcc" "ARCHIVER=arm-xilinx-eabi-ar" "COMPILER_FLAGS=  -O2 -c" "EXTRA_COMPILER_FLAGS=-g"
"Compiling uartps"
"Running Make libs in ps7_cortexa9_0/libsrc/usbps_v2_2/src"
make -C ps7_cortexa9_0/libsrc/usbps_v2_2/src -s libs  "SHELL=CMD" "COMPILER=arm-xilinx-eabi-gcc" "ARCHIVER=arm-xilinx-eabi-ar" "COMPILER_FLAGS=  -O2 -c" "EXTRA_COMPILER_FLAGS=-g"
"Compiling usbps"
"Running Make libs in ps7_cortexa9_0/libsrc/xadcps_v2_2/src"
make -C ps7_cortexa9_0/libsrc/xadcps_v2_2/src -s libs  "SHELL=CMD" "COMPILER=arm-xilinx-eabi-gcc" "ARCHIVER=arm-xilinx-eabi-ar" "COMPILER_FLAGS=  -O2 -c" "EXTRA_COMPILER_FLAGS=-g"
"Compiling xadcps"
'Finished building libraries'
09:46:05 **** Auto Build of configuration Debug for project top ****
make all 
'Building file: ../src/asr.c'
'Invoking: ARM gcc compiler'
arm-xilinx-eabi-gcc -Wall -O0 -g3 -c -fmessage-length=0 -MT"src/asr.o" -I../../top_bsp/ps7_cortexa9_0/include -MMD -MP -MF"src/asr.d" -MT"src/asr.d" -o "src/asr.o" "../src/asr.c"
'Finished building: ../src/asr.c'
' '
'Building file: ../src/dht.c'
'Invoking: ARM gcc compiler'
arm-xilinx-eabi-gcc -Wall -O0 -g3 -c -fmessage-length=0 -MT"src/dht.o" -I../../top_bsp/ps7_cortexa9_0/include -MMD -MP -MF"src/dht.d" -MT"src/dht.d" -o "src/dht.o" "../src/dht.c"
'Finished building: ../src/dht.c'
' '
'Building file: ../src/jq.c'
'Invoking: ARM gcc compiler'
arm-xilinx-eabi-gcc -Wall -O0 -g3 -c -fmessage-length=0 -MT"src/jq.o" -I../../top_bsp/ps7_cortexa9_0/include -MMD -MP -MF"src/jq.d" -MT"src/jq.d" -o "src/jq.o" "../src/jq.c"
../src/jq.c: In function 'ShowJQ':
../src/jq.c:13:25: error: 'XPAR_JIAQUAN_0_S00_AXI_BASEADDR' undeclared (first use in this function)
  int jiaquan = Xil_In32(XPAR_JIAQUAN_0_S00_AXI_BASEADDR);
                         ^
../src/jq.c:13:25: note: each undeclared identifier is reported only once for each function it appears in
../src/jq.c:24:2: warning: pointer targets in passing argument 3 of 'OLED_ShowString' differ in signedness [-Wpointer-sign]
  OLED_ShowString(70,2,"ug/m3",16);
  ^
In file included from ../src/jq.h:12:0,
                 from ../src/jq.c:8:
../src/oled.h:44:6: note: expected 'u8 *' but argument is of type 'char *'
 void OLED_ShowString(u8 x,u8 y,u8 *chr,u8 sizey);
      ^
make: *** [src/jq.o] ´íÎó 1
09:54:07 **** Auto Build of configuration Debug for project top ****
make all 
'Building file: ../src/jq.c'
'Invoking: ARM gcc compiler'
arm-xilinx-eabi-gcc -Wall -O0 -g3 -c -fmessage-length=0 -MT"src/jq.o" -I../../top_bsp/ps7_cortexa9_0/include -MMD -MP -MF"src/jq.d" -MT"src/jq.d" -o "src/jq.o" "../src/jq.c"
../src/jq.c: In function 'ShowJQ':
../src/jq.c:24:2: warning: pointer targets in passing argument 3 of 'OLED_ShowString' differ in signedness [-Wpointer-sign]
  OLED_ShowString(70,2,"ug/m3",16);
  ^
In file included from ../src/jq.h:12:0,
                 from ../src/jq.c:8:
../src/oled.h:44:6: note: expected 'u8 *' but argument is of type 'char *'
 void OLED_ShowString(u8 x,u8 y,u8 *chr,u8 sizey);
      ^
'Finished building: ../src/jq.c'
' '
'Building file: ../src/oled.c'
'Invoking: ARM gcc compiler'
arm-xilinx-eabi-gcc -Wall -O0 -g3 -c -fmessage-length=0 -MT"src/oled.o" -I../../top_bsp/ps7_cortexa9_0/include -MMD -MP -MF"src/oled.d" -MT"src/oled.d" -o "src/oled.o" "../src/oled.c"
In file included from ../src/oled.c:8:0:
../src/oled.c: In function 'OLED_WR_Byte':
../src/oled.h:19:23: error: 'XPAR_SPI_MOSI_0_SPI_MOSI_BASEADDR' undeclared (first use in this function)
 #define SPI_REG_DONE  XPAR_SPI_MOSI_0_SPI_MOSI_BASEADDR+12
                       ^
../src/oled.c:66:24: note: in expansion of macro 'SPI_REG_DONE'
  int status = Xil_In32(SPI_REG_DONE);
                        ^
../src/oled.h:19:23: note: each undeclared identifier is reported only once for each function it appears in
 #define SPI_REG_DONE  XPAR_SPI_MOSI_0_SPI_MOSI_BASEADDR+12
                       ^
../src/oled.c:66:24: note: in expansion of macro 'SPI_REG_DONE'
  int status = Xil_In32(SPI_REG_DONE);
                        ^
../src/oled.c: In function 'setDC':
../src/oled.h:20:22: error: 'XPAR_SPI_MOSI_0_SPI_MOSI_BASEADDR' undeclared (first use in this function)
 #define SPI_REG_DC   XPAR_SPI_MOSI_0_SPI_MOSI_BASEADDR+16
                      ^
../src/oled.c:219:12: note: in expansion of macro 'SPI_REG_DC'
  Xil_Out32(SPI_REG_DC,value);
            ^
../src/oled.c: In function 'setRES':
../src/oled.h:21:22: error: 'XPAR_SPI_MOSI_0_SPI_MOSI_BASEADDR' undeclared (first use in this function)
 #define SPI_REG_RES  XPAR_SPI_MOSI_0_SPI_MOSI_BASEADDR+20
                      ^
../src/oled.c:223:12: note: in expansion of macro 'SPI_REG_RES'
  Xil_Out32(SPI_REG_RES,value);
            ^
../src/oled.c: In function 'setEN':
../src/oled.h:17:22: error: 'XPAR_SPI_MOSI_0_SPI_MOSI_BASEADDR' undeclared (first use in this function)
 #define SPI_REG_EN   XPAR_SPI_MOSI_0_SPI_MOSI_BASEADDR+4
                      ^
../src/oled.c:227:12: note: in expansion of macro 'SPI_REG_EN'
  Xil_Out32(SPI_REG_EN,value);
            ^
../src/oled.c: In function 'OLED_Init':
../src/oled.c:235:2: warning: implicit declaration of function 'usleep' [-Wimplicit-function-declaration]
  usleep(50000);
  ^
In file included from ../src/oled.c:8:0:
../src/oled.c: In function 'Init_OLED':
../src/oled.h:21:22: error: 'XPAR_SPI_MOSI_0_SPI_MOSI_BASEADDR' undeclared (first use in this function)
 #define SPI_REG_RES  XPAR_SPI_MOSI_0_SPI_MOSI_BASEADDR+20
                      ^
../src/oled.c:267:12: note: in expansion of macro 'SPI_REG_RES'
  Xil_Out32(SPI_REG_RES,1);
            ^
make: *** [src/oled.o] ´íÎó 1
09:55:41 **** Auto Build of configuration Debug for project top ****
make all 
'Building file: ../src/asr.c'
'Invoking: ARM gcc compiler'
arm-xilinx-eabi-gcc -Wall -O0 -g3 -c -fmessage-length=0 -MT"src/asr.o" -I../../top_bsp/ps7_cortexa9_0/include -MMD -MP -MF"src/asr.d" -MT"src/asr.d" -o "src/asr.o" "../src/asr.c"
'Finished building: ../src/asr.c'
' '
'Building file: ../src/dht.c'
'Invoking: ARM gcc compiler'
arm-xilinx-eabi-gcc -Wall -O0 -g3 -c -fmessage-length=0 -MT"src/dht.o" -I../../top_bsp/ps7_cortexa9_0/include -MMD -MP -MF"src/dht.d" -MT"src/dht.d" -o "src/dht.o" "../src/dht.c"
'Finished building: ../src/dht.c'
' '
'Building file: ../src/jq.c'
'Invoking: ARM gcc compiler'
arm-xilinx-eabi-gcc -Wall -O0 -g3 -c -fmessage-length=0 -MT"src/jq.o" -I../../top_bsp/ps7_cortexa9_0/include -MMD -MP -MF"src/jq.d" -MT"src/jq.d" -o "src/jq.o" "../src/jq.c"
../src/jq.c: In function 'ShowJQ':
../src/jq.c:24:2: warning: pointer targets in passing argument 3 of 'OLED_ShowString' differ in signedness [-Wpointer-sign]
  OLED_ShowString(70,2,"ug/m3",16);
  ^
In file included from ../src/jq.h:12:0,
                 from ../src/jq.c:8:
../src/oled.h:44:6: note: expected 'u8 *' but argument is of type 'char *'
 void OLED_ShowString(u8 x,u8 y,u8 *chr,u8 sizey);
      ^
'Finished building: ../src/jq.c'
' '
'Building file: ../src/oled.c'
'Invoking: ARM gcc compiler'
arm-xilinx-eabi-gcc -Wall -O0 -g3 -c -fmessage-length=0 -MT"src/oled.o" -I../../top_bsp/ps7_cortexa9_0/include -MMD -MP -MF"src/oled.d" -MT"src/oled.d" -o "src/oled.o" "../src/oled.c"
../src/oled.c: In function 'OLED_Init':
../src/oled.c:235:2: warning: implicit declaration of function 'usleep' [-Wimplicit-function-declaration]
  usleep(50000);
  ^
'Finished building: ../src/oled.c'
' '
'Building file: ../src/pm.c'
'Invoking: ARM gcc compiler'
arm-xilinx-eabi-gcc -Wall -O0 -g3 -c -fmessage-length=0 -MT"src/pm.o" -I../../top_bsp/ps7_cortexa9_0/include -MMD -MP -MF"src/pm.d" -MT"src/pm.d" -o "src/pm.o" "../src/pm.c"
../src/pm.c: In function 'ShowPM':
../src/pm.c:13:2: warning: implicit declaration of function 'Xil_In32' [-Wimplicit-function-declaration]
  int pm25 = Xil_In32(XPAR_PM_0_S00_AXI_BASEADDR);
  ^
../src/pm.c:13:22: error: 'XPAR_PM_0_S00_AXI_BASEADDR' undeclared (first use in this function)
  int pm25 = Xil_In32(XPAR_PM_0_S00_AXI_BASEADDR);
                      ^
../src/pm.c:13:22: note: each undeclared identifier is reported only once for each function it appears in
../src/pm.c:17:5: warning: pointer targets in passing argument 3 of 'OLED_ShowString' differ in signedness [-Wpointer-sign]
     OLED_ShowString(5,1,"PM2.5:",16);
     ^
In file included from ../src/pm.h:11:0,
                 from ../src/pm.c:8:
../src/oled.h:44:6: note: expected 'u8 *' but argument is of type 'char *'
 void OLED_ShowString(u8 x,u8 y,u8 *chr,u8 sizey);
      ^
[...]
 void OLED_ShowString(u8 x,u8 y,u8 *chr,u8 sizey);
      ^
../src/pm.c:59:2: warning: pointer targets in passing argument 3 of 'OLED_ShowString' differ in signedness [-Wpointer-sign]
  OLED_ShowString(85,5,"ug/m3",16);
  ^
In file included from ../src/pm.h:11:0,
                 from ../src/pm.c:8:
../src/oled.h:38:6: note: expected 'u8 *' but argument is of type 'char *'
 void OLED_ShowString(u8 x,u8 y,u8 *chr,u8 sizey);
      ^
'Finished building: ../src/pm.c'
' '
'Building target: top.elf'
'Invoking: ARM gcc linker'
arm-xilinx-eabi-gcc -Wl,-T -Wl,../src/lscript.ld -L../../top_bsp/ps7_cortexa9_0/lib -o "top.elf"  ./src/asr.o ./src/dht.o ./src/forcast.o ./src/jq.o ./src/oled.o ./src/pm.o ./src/top.o ./src/tts.o   -Wl,--start-group,-lxil,-lgcc,-lc,--end-group
'Finished building target: top.elf'
' '
'Invoking: ARM Print Size'
arm-xilinx-eabi-size top.elf  |tee "top.elf.size"
   text	   data	    bss	    dec	    hex	filename
  73896	   4824	  23160	 101880	  18df8	top.elf
'Finished building: top.elf.size'
' '
21:34:12 **** Incremental Build of configuration Debug for project top ****
make all 
make: Nothing to be done for `all'.
21:35:15 **** Auto Build of configuration Debug for project top ****
make all 
'Building file: ../src/pm.c'
'Invoking: ARM gcc compiler'
arm-xilinx-eabi-gcc -Wall -O0 -g3 -c -fmessage-length=0 -MT"src/pm.o" -I../../top_bsp/ps7_cortexa9_0/include -MMD -MP -MF"src/pm.d" -MT"src/pm.d" -o "src/pm.o" "../src/pm.c"
../src/pm.c: In function 'ShowPM':
../src/pm.c:47:2: warning: implicit declaration of function 'Xil_In32' [-Wimplicit-function-declaration]
  int pm25 = Xil_In32(XPAR_PM_OUTDOOR_S00_AXI_BASEADDR);//XPAR_PM_OUTDOOR_S00_AXI_BASEADDR // XPAR_PM_S00_AXI_BASEADDR
  ^
../src/pm.c:51:5: warning: pointer targets in passing argument 3 of 'OLED_ShowString' differ in signedness [-Wpointer-sign]
     OLED_ShowString(5,1,"PM2.5:",16);
     ^
In file included from ../src/pm.h:11:0,
                 from ../src/pm.c:8:
../src/oled.h:38:6: note: expected 'u8 *' but argument is of type 'char *'
 void OLED_ShowString(u8 x,u8 y,u8 *chr,u8 sizey);
      ^
../src/pm.c:52:2: warning: pointer targets in passing argument 3 of 'OLED_ShowString' differ in signedness [-Wpointer-sign]
  OLED_ShowString(5,3,"PM1:",16);
  ^
In file included from ../src/pm.h:11:0,
                 from ../src/pm.c:8:
../src/oled.h:38:6: note: expected 'u8 *' but argument is of type 'char *'
 void OLED_ShowString(u8 x,u8 y,u8 *chr,u8 sizey);
      ^
../src/pm.c:53:2: warning: pointer targets in passing argument 3 of 'OLED_ShowString' differ in signedness [-Wpointer-sign]
  OLED_ShowString(5,5,"PM10:",16);
  ^
In file included from ../src/pm.h:11:0,
                 from ../src/pm.c:8:
../src/oled.h:38:6: note: expected 'u8 *' but argument is of type 'char *'
 void OLED_ShowString(u8 x,u8 y,u8 *chr,u8 sizey);
      ^
../src/pm.c:57:2: warning: pointer targets in passing argument 3 of 'OLED_ShowString' differ in signedness [-Wpointer-sign]
  OLED_ShowString(85,1,"ug/m3",16);
  ^
In file included from ../src/pm.h:11:0,
                 from ../src/pm.c:8:
../src/oled.h:38:6: note: expected 'u8 *' but argument is of type 'char *'
 void OLED_ShowString(u8 x,u8 y,u8 *chr,u8 sizey);
      ^
../src/pm.c:58:2: warning: pointer targets in passing argument 3 of 'OLED_ShowString' differ in signedness [-Wpointer-sign]
  OLED_ShowString(85,3,"ug/m3",16);
  ^
In file included from ../src/pm.h:11:0,
                 from ../src/pm.c:8:
../src/oled.h:38:6: note: expected 'u8 *' but argument is of type 'char *'
 void OLED_ShowString(u8 x,u8 y,u8 *chr,u8 sizey);
      ^
../src/pm.c:59:2: warning: pointer targets in passing argument 3 of 'OLED_ShowString' differ in signedness [-Wpointer-sign]
  OLED_ShowString(85,5,"ug/m3",16);
  ^
In file included from ../src/pm.h:11:0,
                 from ../src/pm.c:8:
../src/oled.h:38:6: note: expected 'u8 *' but argument is of type 'char *'
 void OLED_ShowString(u8 x,u8 y,u8 *chr,u8 sizey);
      ^
'Finished building: ../src/pm.c'
' '
'Building target: top.elf'
'Invoking: ARM gcc linker'
arm-xilinx-eabi-gcc -Wl,-T -Wl,../src/lscript.ld -L../../top_bsp/ps7_cortexa9_0/lib -o "top.elf"  ./src/asr.o ./src/dht.o ./src/forcast.o ./src/jq.o ./src/oled.o ./src/pm.o ./src/top.o ./src/tts.o   -Wl,--start-group,-lxil,-lgcc,-lc,--end-group
'Finished building target: top.elf'
' '
'Invoking: ARM Print Size'
arm-xilinx-eabi-size top.elf  |tee "top.elf.size"
   text	   data	    bss	    dec	    hex	filename
  73832	   4824	  23160	 101816	  18db8	top.elf
'Finished building: top.elf.size'
' '
21:36:10 **** Auto Build of configuration Debug for project top ****
make all 
'Building file: ../src/pm.c'
'Invoking: ARM gcc compiler'
arm-xilinx-eabi-gcc -Wall -O0 -g3 -c -fmessage-length=0 -MT"src/pm.o" -I../../top_bsp/ps7_cortexa9_0/include -MMD -MP -MF"src/pm.d" -MT"src/pm.d" -o "src/pm.o" "../src/pm.c"
../src/pm.c: In function 'ShowPM':
../src/pm.c:47:2: warning: implicit declaration of function 'Xil_In32' [-Wimplicit-function-declaration]
  int pm25 = Xil_In32(XPAR_PM_OUTDOOR_S00_AXI_BASEADDR);//XPAR_PM_OUTDOOR_S00_AXI_BASEADDR // XPAR_PM_S00_AXI_BASEADDR
  ^
../src/pm.c:51:5: warning: pointer targets in passing argument 3 of 'OLED_ShowString' differ in signedness [-Wpointer-sign]
     OLED_ShowString(5,1,"PM2.5:",16);
     ^
In file included from ../src/pm.h:11:0,
                 from ../src/pm.c:8:
../src/oled.h:38:6: note: expected 'u8 *' but argument is of type 'char *'
 void OLED_ShowString(u8 x,u8 y,u8 *chr,u8 sizey);
      ^
../src/pm.c:52:2: warning: pointer targets in passing argument 3 of 'OLED_ShowString' differ in signedness [-Wpointer-sign]
  OLED_ShowString(5,3,"PM1:",16);
  ^
In file included from ../src/pm.h:11:0,
                 from ../src/pm.c:8:
../src/oled.h:38:6: note: expected 'u8 *' but argument is of type 'char *'
 void OLED_ShowString(u8 x,u8 y,u8 *chr,u8 sizey);
      ^
../src/pm.c:53:2: warning: pointer targets in passing argument 3 of 'OLED_ShowString' differ in signedness [-Wpointer-sign]
  OLED_ShowString(5,5,"PM10:",16);
  ^
In file included from ../src/pm.h:11:0,
                 from ../src/pm.c:8:
../src/oled.h:38:6: note: expected 'u8 *' but argument is of type 'char *'
 void OLED_ShowString(u8 x,u8 y,u8 *chr,u8 sizey);
      ^
../src/pm.c:57:2: warning: pointer targets in passing argument 3 of 'OLED_ShowString' differ in signedness [-Wpointer-sign]
  OLED_ShowString(85,1,"ug/m3",16);
  ^
In file included from ../src/pm.h:11:0,
                 from ../src/pm.c:8:
../src/oled.h:38:6: note: expected 'u8 *' but argument is of type 'char *'
 void OLED_ShowString(u8 x,u8 y,u8 *chr,u8 sizey);
      ^
../src/pm.c:58:2: warning: pointer targets in passing argument 3 of 'OLED_ShowString' differ in signedness [-Wpointer-sign]
  OLED_ShowString(85,3,"ug/m3",16);
  ^
In file included from ../src/pm.h:11:0,
                 from ../src/pm.c:8:
../src/oled.h:38:6: note: expected 'u8 *' but argument is of type 'char *'
 void OLED_ShowString(u8 x,u8 y,u8 *chr,u8 sizey);
      ^
../src/pm.c:59:2: warning: pointer targets in passing argument 3 of 'OLED_ShowString' differ in signedness [-Wpointer-sign]
  OLED_ShowString(85,5,"ug/m3",16);
  ^
In file included from ../src/pm.h:11:0,
                 from ../src/pm.c:8:
../src/oled.h:38:6: note: expected 'u8 *' but argument is of type 'char *'
 void OLED_ShowString(u8 x,u8 y,u8 *chr,u8 sizey);
      ^
'Finished building: ../src/pm.c'
' '
'Building target: top.elf'
'Invoking: ARM gcc linker'
arm-xilinx-eabi-gcc -Wl,-T -Wl,../src/lscript.ld -L../../top_bsp/ps7_cortexa9_0/lib -o "top.elf"  ./src/asr.o ./src/dht.o ./src/forcast.o ./src/jq.o ./src/oled.o ./src/pm.o ./src/top.o ./src/tts.o   -Wl,--start-group,-lxil,-lgcc,-lc,--end-group
'Finished building target: top.elf'
' '
'Invoking: ARM Print Size'
arm-xilinx-eabi-size top.elf  |tee "top.elf.size"
   text	   data	    bss	    dec	    hex	filename
  73832	   4824	  23160	 101816	  18db8	top.elf
'Finished building: top.elf.size'
' '
21:37:06 **** Incremental Build of configuration Debug for project top ****
make all 
make: Nothing to be done for `all'.
21:42:37 **** Auto Build of configuration Debug for project top ****
make all 
'Building file: ../src/top.c'
'Invoking: ARM gcc compiler'
arm-xilinx-eabi-gcc -Wall -O0 -g3 -c -fmessage-length=0 -MT"src/top.o" -I../../top_bsp/ps7_cortexa9_0/include -MMD -MP -MF"src/top.d" -MT"src/top.d" -o "src/top.o" "../src/top.c"
../src/top.c: In function 'process_data':
../src/top.c:108:64: warning: variable 'prediction' set but not used [-Wunused-but-set-variable]
     SensorData prediction1,prediction2,prediction3,prediction4,prediction;
                                                                ^
../src/top.c: In function 'main':
../src/top.c:210:14: warning: pointer targets in passing argument 3 of 'OLED_ShowString' differ in signedness [-Wpointer-sign]
              OLED_ShowString(15,2,"warning",16);
              ^
In file included from ../src/top.c:10:0:
../src/oled.h:38:6: note: expected 'u8 *' but argument is of type 'char *'
 void OLED_ShowString(u8 x,u8 y,u8 *chr,u8 sizey);
      ^
../src/top.c:216:14: warning: pointer targets in passing argument 3 of 'OLED_ShowString' differ in signedness [-Wpointer-sign]
              OLED_ShowString(15,2,"safe",16);
              ^
In file included from ../src/top.c:10:0:
../src/oled.h:38:6: note: expected 'u8 *' but argument is of type 'char *'
 void OLED_ShowString(u8 x,u8 y,u8 *chr,u8 sizey);
      ^
'Finished building: ../src/top.c'
' '
'Building target: top.elf'
'Invoking: ARM gcc linker'
arm-xilinx-eabi-gcc -Wl,-T -Wl,../src/lscript.ld -L../../top_bsp/ps7_cortexa9_0/lib -o "top.elf"  ./src/asr.o ./src/dht.o ./src/forcast.o ./src/jq.o ./src/oled.o ./src/pm.o ./src/top.o ./src/tts.o   -Wl,--start-group,-lxil,-lgcc,-lc,--end-group
'Finished building target: top.elf'
' '
'Invoking: ARM Print Size'
arm-xilinx-eabi-size top.elf  |tee "top.elf.size"
   text	   data	    bss	    dec	    hex	filename
  73832	   4824	  23160	 101816	  18db8	top.elf
'Finished building: top.elf.size'
' '
21:43:10 **** Incremental Build of configuration Debug for project top ****
make all 
make: Nothing to be done for `all'.
21:45:32 **** Auto Build of configuration Debug for project top ****
make all 
'Building file: ../src/top.c'
'Invoking: ARM gcc compiler'
arm-xilinx-eabi-gcc -Wall -O0 -g3 -c -fmessage-length=0 -MT"src/top.o" -I../../top_bsp/ps7_cortexa9_0/include -MMD -MP -MF"src/top.d" -MT"src/top.d" -o "src/top.o" "../src/top.c"
../src/top.c: In function 'process_data':
../src/top.c:108:64: warning: variable 'prediction' set but not used [-Wunused-but-set-variable]
     SensorData prediction1,prediction2,prediction3,prediction4,prediction;
                                                                ^
../src/top.c: In function 'main':
../src/top.c:210:14: warning: pointer targets in passing argument 3 of 'OLED_ShowString' differ in signedness [-Wpointer-sign]
              OLED_ShowString(15,2,"warning",16);
              ^
In file included from ../src/top.c:10:0:
../src/oled.h:38:6: note: expected 'u8 *' but argument is of type 'char *'
 void OLED_ShowString(u8 x,u8 y,u8 *chr,u8 sizey);
      ^
../src/top.c:216:14: warning: pointer targets in passing argument 3 of 'OLED_ShowString' differ in signedness [-Wpointer-sign]
              OLED_ShowString(15,2,"safe",16);
              ^
In file included from ../src/top.c:10:0:
../src/oled.h:38:6: note: expected 'u8 *' but argument is of type 'char *'
 void OLED_ShowString(u8 x,u8 y,u8 *chr,u8 sizey);
      ^
'Finished building: ../src/top.c'
' '
'Building target: top.elf'
'Invoking: ARM gcc linker'
arm-xilinx-eabi-gcc -Wl,-T -Wl,../src/lscript.ld -L../../top_bsp/ps7_cortexa9_0/lib -o "top.elf"  ./src/asr.o ./src/dht.o ./src/forcast.o ./src/jq.o ./src/oled.o ./src/pm.o ./src/top.o ./src/tts.o   -Wl,--start-group,-lxil,-lgcc,-lc,--end-group
'Finished building target: top.elf'
' '
'Invoking: ARM Print Size'
arm-xilinx-eabi-size top.elf  |tee "top.elf.size"
   text	   data	    bss	    dec	    hex	filename
  73832	   4824	  23160	 101816	  18db8	top.elf
'Finished building: top.elf.size'
' '
21:45:51 **** Incremental Build of configuration Debug for project top ****
make all 
make: Nothing to be done for `all'.
21:46:00 **** Incremental Build of configuration Debug for project top ****
make all 
make: Nothing to be done for `all'.
21:48:21 **** Auto Build of configuration Debug for project top ****
make all 
'Building file: ../src/top.c'
'Invoking: ARM gcc compiler'
arm-xilinx-eabi-gcc -Wall -O0 -g3 -c -fmessage-length=0 -MT"src/top.o" -I../../top_bsp/ps7_cortexa9_0/include -MMD -MP -MF"src/top.d" -MT"src/top.d" -o "src/top.o" "../src/top.c"
../src/top.c: In function 'process_data':
../src/top.c:108:64: warning: variable 'prediction' set but not used [-Wunused-but-set-variable]
     SensorData prediction1,prediction2,prediction3,prediction4,prediction;
                                                                ^
../src/top.c: In function 'main':
../src/top.c:210:14: warning: pointer targets in passing argument 3 of 'OLED_ShowString' differ in signedness [-Wpointer-sign]
              OLED_ShowString(15,2,"warning",16);
              ^
In file included from ../src/top.c:10:0:
../src/oled.h:38:6: note: expected 'u8 *' but argument is of type 'char *'
 void OLED_ShowString(u8 x,u8 y,u8 *chr,u8 sizey);
      ^
../src/top.c:216:14: warning: pointer targets in passing argument 3 of 'OLED_ShowString' differ in signedness [-Wpointer-sign]
              OLED_ShowString(15,2,"safe",16);
              ^
In file included from ../src/top.c:10:0:
../src/oled.h:38:6: note: expected 'u8 *' but argument is of type 'char *'
 void OLED_ShowString(u8 x,u8 y,u8 *chr,u8 sizey);
      ^
'Finished building: ../src/top.c'
' '
'Building target: top.elf'
'Invoking: ARM gcc linker'
arm-xilinx-eabi-gcc -Wl,-T -Wl,../src/lscript.ld -L../../top_bsp/ps7_cortexa9_0/lib -o "top.elf"  ./src/asr.o ./src/dht.o ./src/forcast.o ./src/jq.o ./src/oled.o ./src/pm.o ./src/top.o ./src/tts.o   -Wl,--start-group,-lxil,-lgcc,-lc,--end-group
'Finished building target: top.elf'
' '
'Invoking: ARM Print Size'
arm-xilinx-eabi-size top.elf  |tee "top.elf.size"
   text	   data	    bss	    dec	    hex	filename
  73832	   4824	  23160	 101816	  18db8	top.elf
'Finished building: top.elf.size'
' '
21:49:28 **** Auto Build of configuration Debug for project top ****
make all 
'Building file: ../src/tts.c'
'Invoking: ARM gcc compiler'
arm-xilinx-eabi-gcc -Wall -O0 -g3 -c -fmessage-length=0 -MT"src/tts.o" -I../../top_bsp/ps7_cortexa9_0/include -MMD -MP -MF"src/tts.d" -MT"src/tts.d" -o "src/tts.o" "../src/tts.c"
../src/tts.c: In function 'Send_TTS':
../src/tts.c:26:2: warning: implicit declaration of function 'sleep' [-Wimplicit-function-declaration]
  sleep(1);
  ^
'Finished building: ../src/tts.c'
' '
'Building target: top.elf'
'Invoking: ARM gcc linker'
arm-xilinx-eabi-gcc -Wl,-T -Wl,../src/lscript.ld -L../../top_bsp/ps7_cortexa9_0/lib -o "top.elf"  ./src/asr.o ./src/dht.o ./src/forcast.o ./src/jq.o ./src/oled.o ./src/pm.o ./src/top.o ./src/tts.o   -Wl,--start-group,-lxil,-lgcc,-lc,--end-group
'Finished building target: top.elf'
' '
'Invoking: ARM Print Size'
arm-xilinx-eabi-size top.elf  |tee "top.elf.size"
   text	   data	    bss	    dec	    hex	filename
  73832	   4824	  23160	 101816	  18db8	top.elf
'Finished building: top.elf.size'
' '
21:49:47 **** Incremental Build of configuration Debug for project top ****
make all 
make: Nothing to be done for `all'.
22:52:00 **** Auto Build of configuration Debug for project top ****
make all 
'Building file: ../src/top.c'
'Invoking: ARM gcc compiler'
arm-xilinx-eabi-gcc -Wall -O0 -g3 -c -fmessage-length=0 -MT"src/top.o" -I../../top_bsp/ps7_cortexa9_0/include -MMD -MP -MF"src/top.d" -MT"src/top.d" -o "src/top.o" "../src/top.c"
../src/top.c: In function 'process_data':
../src/top.c:107:64: warning: variable 'prediction' set but not used [-Wunused-but-set-variable]
     SensorData prediction1,prediction2,prediction3,prediction4,prediction;
                                                                ^
../src/top.c: In function 'main':
../src/top.c:209:14: warning: pointer targets in passing argument 3 of 'OLED_ShowString' differ in signedness [-Wpointer-sign]
              OLED_ShowString(15,2,"warning",16);
              ^
In file included from ../src/top.c:10:0:
../src/oled.h:38:6: note: expected 'u8 *' but argument is of type 'char *'
 void OLED_ShowString(u8 x,u8 y,u8 *chr,u8 sizey);
      ^
../src/top.c:215:14: warning: pointer targets in passing argument 3 of 'OLED_ShowString' differ in signedness [-Wpointer-sign]
              OLED_ShowString(15,2,"safe",16);
              ^
In file included from ../src/top.c:10:0:
../src/oled.h:38:6: note: expected 'u8 *' but argument is of type 'char *'
 void OLED_ShowString(u8 x,u8 y,u8 *chr,u8 sizey);
      ^
'Finished building: ../src/top.c'
' '
'Building target: top.elf'
'Invoking: ARM gcc linker'
arm-xilinx-eabi-gcc -Wl,-T -Wl,../src/lscript.ld -L../../top_bsp/ps7_cortexa9_0/lib -o "top.elf"  ./src/asr.o ./src/dht.o ./src/forcast.o ./src/jq.o ./src/oled.o ./src/pm.o ./src/top.o ./src/tts.o   -Wl,--start-group,-lxil,-lgcc,-lc,--end-group
'Finished building target: top.elf'
' '
'Invoking: ARM Print Size'
arm-xilinx-eabi-size top.elf  |tee "top.elf.size"
   text	   data	    bss	    dec	    hex	filename
  73832	   4824	  23160	 101816	  18db8	top.elf
'Finished building: top.elf.size'
' '
13:24:21 **** Incremental Build of configuration Debug for project top ****
make all 
make: Nothing to be done for `all'.
13:50:20 **** Incremental Build of configuration Debug for project top ****
make all 
make: Nothing to be done for `all'.
13:54:40 **** Incremental Build of configuration Debug for project top ****
make all 
make: Nothing to be done for `all'.
13:56:26 **** Incremental Build of configuration Debug for project top ****
make all 
make: Nothing to be done for `all'.
15:02:13 **** Auto Build of configuration Debug for project top ****
make all 
'Building file: ../src/dht.c'
'Invoking: ARM gcc compiler'
arm-xilinx-eabi-gcc -Wall -O0 -g3 -c -fmessage-length=0 -MT"src/dht.o" -I../../top_bsp/ps7_cortexa9_0/include -MMD -MP -MF"src/dht.d" -MT"src/dht.d" -o "src/dht.o" "../src/dht.c"
'Finished building: ../src/dht.c'
' '
'Building target: top.elf'
'Invoking: ARM gcc linker'
arm-xilinx-eabi-gcc -Wl,-T -Wl,../src/lscript.ld -L../../top_bsp/ps7_cortexa9_0/lib -o "top.elf"  ./src/asr.o ./src/dht.o ./src/forcast.o ./src/jq.o ./src/oled.o ./src/pm.o ./src/top.o ./src/tts.o   -Wl,--start-group,-lxil,-lgcc,-lc,--end-group
'Finished building target: top.elf'
' '
'Invoking: ARM Print Size'
arm-xilinx-eabi-size top.elf  |tee "top.elf.size"
   text	   data	    bss	    dec	    hex	filename
  73832	   4824	  23160	 101816	  18db8	top.elf
'Finished building: top.elf.size'
' '
15:02:16 **** Auto Build of configuration Debug for project top ****
make all 
'Building file: ../src/oled.c'
'Invoking: ARM gcc compiler'
arm-xilinx-eabi-gcc -Wall -O0 -g3 -c -fmessage-length=0 -MT"src/oled.o" -I../../top_bsp/ps7_cortexa9_0/include -MMD -MP -MF"src/oled.d" -MT"src/oled.d" -o "src/oled.o" "../src/oled.c"
../src/oled.c: In function 'OLED_Init':
../src/oled.c:191:2: warning: implicit declaration of function 'usleep' [-Wimplicit-function-declaration]
  usleep(50000);
  ^
'Finished building: ../src/oled.c'
' '
'Building target: top.elf'
'Invoking: ARM gcc linker'
arm-xilinx-eabi-gcc -Wl,-T -Wl,../src/lscript.ld -L../../top_bsp/ps7_cortexa9_0/lib -o "top.elf"  ./src/asr.o ./src/dht.o ./src/forcast.o ./src/jq.o ./src/oled.o ./src/pm.o ./src/top.o ./src/tts.o   -Wl,--start-group,-lxil,-lgcc,-lc,--end-group
'Finished building target: top.elf'
' '
'Invoking: ARM Print Size'
arm-xilinx-eabi-size top.elf  |tee "top.elf.size"
   text	   data	    bss	    dec	    hex	filename
  73832	   4824	  23160	 101816	  18db8	top.elf
'Finished building: top.elf.size'
' '
